[    0.000000] Linux version 4.9.51+ (root@Main-PC) (gcc version 6.3.0 20170406 (Ubuntu 6.3.0-12ubuntu2) ) #1 SMP Wed Sep 20 20:37:08 CEST 2017
[    0.000000] Command line: BOOT_IMAGE=/vmlinuz-4.9.51+ root=/dev/mapper/ubuntu--vg-root ro quiet splash
[    0.000000] x86/fpu: Supporting XSAVE feature 0x001: 'x87 floating point registers'
[    0.000000] x86/fpu: Supporting XSAVE feature 0x002: 'SSE registers'
[    0.000000] x86/fpu: Supporting XSAVE feature 0x004: 'AVX registers'
[    0.000000] x86/fpu: xstate_offset[2]:  576, xstate_sizes[2]:  256
[    0.000000] x86/fpu: Enabled xstate features 0x7, context size is 832 bytes, using 'standard' format.
[    0.000000] x86/fpu: Using 'eager' FPU context switches.
[    0.000000] e820: BIOS-provided physical RAM map:
[    0.000000] BIOS-e820: [mem 0x0000000000000000-0x000000000009ffff] usable
[    0.000000] BIOS-e820: [mem 0x0000000000100000-0x00000000dd5b5fff] usable
[    0.000000] BIOS-e820: [mem 0x00000000dd5b6000-0x00000000dd6affff] reserved
[    0.000000] BIOS-e820: [mem 0x00000000dd6b0000-0x00000000dd6f6fff] ACPI data
[    0.000000] BIOS-e820: [mem 0x00000000dd6f7000-0x00000000ddb9dfff] ACPI NVS
[    0.000000] BIOS-e820: [mem 0x00000000ddb9e000-0x00000000ddec9fff] reserved
[    0.000000] BIOS-e820: [mem 0x00000000ddeca000-0x00000000ddf1bfff] type 20
[    0.000000] BIOS-e820: [mem 0x00000000ddf1c000-0x00000000de0b0fff] usable
[    0.000000] BIOS-e820: [mem 0x00000000de0b1000-0x00000000de574fff] reserved
[    0.000000] BIOS-e820: [mem 0x00000000de575000-0x00000000deb01fff] usable
[    0.000000] BIOS-e820: [mem 0x00000000deb02000-0x00000000deff7fff] reserved
[    0.000000] BIOS-e820: [mem 0x00000000deff8000-0x00000000deffffff] usable
[    0.000000] BIOS-e820: [mem 0x00000000f8000000-0x00000000fbffffff] reserved
[    0.000000] BIOS-e820: [mem 0x00000000feb80000-0x00000000fec01fff] reserved
[    0.000000] BIOS-e820: [mem 0x00000000fec10000-0x00000000fec10fff] reserved
[    0.000000] BIOS-e820: [mem 0x00000000fed00000-0x00000000fed00fff] reserved
[    0.000000] BIOS-e820: [mem 0x00000000fed40000-0x00000000fed44fff] reserved
[    0.000000] BIOS-e820: [mem 0x00000000fed80000-0x00000000fed8ffff] reserved
[    0.000000] BIOS-e820: [mem 0x00000000fedc0000-0x00000000fedc0fff] reserved
[    0.000000] BIOS-e820: [mem 0x00000000fedc2000-0x00000000fedc8fff] reserved
[    0.000000] BIOS-e820: [mem 0x00000000ff800000-0x00000000ffffffff] reserved
[    0.000000] BIOS-e820: [mem 0x0000000100000000-0x00000003feffffff] usable
[    0.000000] NX (Execute Disable) protection: active
[    0.000000] efi: EFI v2.40 by American Megatrends
[    0.000000] efi:  ESRT=0xddec6618  ACPI=0xdd6d6000  ACPI 2.0=0xdd6d6000  SMBIOS=0xf05b0  MPS=0xfd620 
[    0.000000] SMBIOS 2.8 present.
[    0.000000] DMI: HP HP Pavilion Notebook/8246, BIOS F.05 06/02/2016
[    0.000000] e820: update [mem 0x00000000-0x00000fff] usable ==> reserved
[    0.000000] e820: remove [mem 0x000a0000-0x000fffff] usable
[    0.000000] e820: last_pfn = 0x3ff000 max_arch_pfn = 0x400000000
[    0.000000] MTRR default type: uncachable
[    0.000000] MTRR fixed ranges enabled:
[    0.000000]   00000-9FFFF write-back
[    0.000000]   A0000-BFFFF write-through
[    0.000000]   C0000-FFFFF write-protect
[    0.000000] MTRR variable ranges enabled:
[    0.000000]   0 base 000000000000 mask FFFF80000000 write-back
[    0.000000]   1 base 000080000000 mask FFFFC0000000 write-back
[    0.000000]   2 base 0000C0000000 mask FFFFE0000000 write-back
[    0.000000]   3 base 0000DF000000 mask FFFFFF000000 uncachable
[    0.000000]   4 disabled
[    0.000000]   5 disabled
[    0.000000]   6 disabled
[    0.000000]   7 disabled
[    0.000000] TOM2: 000000041f000000 aka 16880M
[    0.000000] x86/PAT: Configuration [0-7]: WB  WC  UC- UC  WB  WC  UC- WT  
[    0.000000] total RAM covered: 3568M
[    0.000000] Found optimal setting for mtrr clean up
[    0.000000]  gran_size: 64K 	chunk_size: 1G 	num_reg: 3  	lose cover RAM: 0G
[    0.000000] e820: update [mem 0xdf000000-0xffffffff] usable ==> reserved
[    0.000000] e820: last_pfn = 0xdf000 max_arch_pfn = 0x400000000
[    0.000000] found SMP MP-table at [mem 0x000fd840-0x000fd84f] mapped at [ffff9c77000fd840]
[    0.000000] esrt: Reserving ESRT space from 0x00000000ddec6618 to 0x00000000ddec6650.
[    0.000000] Scanning 1 areas for low memory corruption
[    0.000000] Base memory trampoline at [ffff9c7700098000] 98000 size 24576
[    0.000000] Using GB pages for direct mapping
[    0.000000] BRK [0x1a81c7000, 0x1a81c7fff] PGTABLE
[    0.000000] BRK [0x1a81c8000, 0x1a81c8fff] PGTABLE
[    0.000000] BRK [0x1a81c9000, 0x1a81c9fff] PGTABLE
[    0.000000] BRK [0x1a81ca000, 0x1a81cafff] PGTABLE
[    0.000000] BRK [0x1a81cb000, 0x1a81cbfff] PGTABLE
[    0.000000] BRK [0x1a81cc000, 0x1a81ccfff] PGTABLE
[    0.000000] BRK [0x1a81cd000, 0x1a81cdfff] PGTABLE
[    0.000000] BRK [0x1a81ce000, 0x1a81cefff] PGTABLE
[    0.000000] BRK [0x1a81cf000, 0x1a81cffff] PGTABLE
[    0.000000] BRK [0x1a81d0000, 0x1a81d0fff] PGTABLE
[    0.000000] BRK [0x1a81d1000, 0x1a81d1fff] PGTABLE
[    0.000000] BRK [0x1a81d2000, 0x1a81d2fff] PGTABLE
[    0.000000] RAMDISK: [mem 0x32adf000-0x35566fff]
[    0.000000] ACPI: Early table checksum verification disabled
[    0.000000] ACPI: RSDP 0x00000000DD6D6000 000024 (v02 HPQOEM)
[    0.000000] ACPI: XSDT 0x00000000DD6D60A0 0000BC (v01 HPQOEM SLIC-MPC 01072009 HP   00010013)
[    0.000000] ACPI: FACP 0x00000000DD6E8E88 00010C (v05 HPQOEM SLIC-MPC 01072009 HP   00010013)
[    0.000000] ACPI BIOS Warning (bug): Optional FADT field Pm2ControlBlock has valid Length but zero Address: 0x0000000000000000/0x1 (20160831/tbfadt-658)
[    0.000000] ACPI: DSDT 0x00000000DD6D61E8 012C9C (v02 HPQOEM 8246     01072009 ACPI 20120913)
[    0.000000] ACPI: FACS 0x00000000DDB9AC80 000040
[    0.000000] ACPI: APIC 0x00000000DD6E8F98 00007E (v03 HPQOEM 8246     01072009 HP   00010013)
[    0.000000] ACPI: FPDT 0x00000000DD6E9018 000044 (v01 HPQOEM 8246     01072009 HP   00010013)
[    0.000000] ACPI: FIDT 0x00000000DD6E9060 00009C (v01 HPQOEM 8246     01072009 HP   00010013)
[    0.000000] ACPI: MSDM 0x00000000DD6E9100 000055 (v03 HPQOEM SLIC-MPC 00000001 HP   00010013)
[    0.000000] ACPI: MCFG 0x00000000DD6E9158 00003C (v01 HPQOEM 8246     01072009 HP   00010013)
[    0.000000] ACPI: BOOT 0x00000000DD6E9198 000028 (v01 HPQOEM 8246     01072009 HP   00010013)
[    0.000000] ACPI: HPET 0x00000000DD6E91C0 000038 (v01 HPQOEM 8246     01072009 HP   00000005)
[    0.000000] ACPI: UEFI 0x00000000DD6E91F8 000042 (v01 HPQOEM 8246     00000000 HP   00000000)
[    0.000000] ACPI: IVRS 0x00000000DD6E9240 0000D0 (v02 HPQOEM 8246     00000001 HP   00000000)
[    0.000000] ACPI: TPM2 0x00000000DD6E9310 000034 (v03 HPQOEM 8246     00000001 HP   00000000)
[    0.000000] ACPI: SSDT 0x00000000DD6E9348 000854 (v01 HPQOEM 8246     00000001 ACPI 00000001)
[    0.000000] ACPI: SSDT 0x00000000DD6E9BA0 00873A (v02 HPQOEM 8246     00000002 ACPI 04000000)
[    0.000000] ACPI: CRAT 0x00000000DD6F22E0 0005A0 (v01 HPQOEM 8246     00000001 HP   00000001)
[    0.000000] ACPI: SSDT 0x00000000DD6F2880 00147F (v01 HPQOEM 8246     00000001 ACPI 20120913)
[    0.000000] ACPI: SSDT 0x00000000DD6F3D00 0006E6 (v01 HPQOEM 8246     00000001 ACPI 20120913)
[    0.000000] ACPI: SSDT 0x00000000DD6F43E8 0015F0 (v01 HPQOEM 8246     00000001 ACPI 20120913)
[    0.000000] ACPI: SSDT 0x00000000DD6F59D8 000FDB (v01 HPQOEM 8246     00000001 ACPI 20120913)
[    0.000000] ACPI: BGRT 0x00000000DD6F69B8 000038 (v01 HPQOEM 8246     01072009 HP   00010013)
[    0.000000] ACPI: Local APIC address 0xfee00000
[    0.000000] No NUMA configuration found
[    0.000000] Faking a node at [mem 0x0000000000000000-0x00000003feffffff]
[    0.000000] NODE_DATA(0) allocated [mem 0x3feffb000-0x3feffffff]
[    0.000000] Zone ranges:
[    0.000000]   DMA      [mem 0x0000000000001000-0x0000000000ffffff]
[    0.000000]   DMA32    [mem 0x0000000001000000-0x00000000ffffffff]
[    0.000000]   Normal   [mem 0x0000000100000000-0x00000003feffffff]
[    0.000000]   Device   empty
[    0.000000] Movable zone start for each node
[    0.000000] Early memory node ranges
[    0.000000]   node   0: [mem 0x0000000000001000-0x000000000009ffff]
[    0.000000]   node   0: [mem 0x0000000000100000-0x00000000dd5b5fff]
[    0.000000]   node   0: [mem 0x00000000ddf1c000-0x00000000de0b0fff]
[    0.000000]   node   0: [mem 0x00000000de575000-0x00000000deb01fff]
[    0.000000]   node   0: [mem 0x00000000deff8000-0x00000000deffffff]
[    0.000000]   node   0: [mem 0x0000000100000000-0x00000003feffffff]
[    0.000000] Initmem setup node 0 [mem 0x0000000000001000-0x00000003feffffff]
[    0.000000] On node 0 totalpages: 4050047
[    0.000000]   DMA zone: 64 pages used for memmap
[    0.000000]   DMA zone: 25 pages reserved
[    0.000000]   DMA zone: 3999 pages, LIFO batch:0
[    0.000000]   DMA32 zone: 14132 pages used for memmap
[    0.000000]   DMA32 zone: 904416 pages, LIFO batch:31
[    0.000000]   Normal zone: 49088 pages used for memmap
[    0.000000]   Normal zone: 3141632 pages, LIFO batch:31
[    0.000000] ACPI: PM-Timer IO Port: 0x808
[    0.000000] ACPI: Local APIC address 0xfee00000
[    0.000000] ACPI: LAPIC_NMI (acpi_id[0xff] high edge lint[0x1])
[    0.000000] IOAPIC[0]: apic_id 0, version 33, address 0xfec00000, GSI 0-23
[    0.000000] IOAPIC[1]: apic_id 1, version 33, address 0xfec01000, GSI 24-55
[    0.000000] ACPI: INT_SRC_OVR (bus 0 bus_irq 0 global_irq 2 dfl dfl)
[    0.000000] ACPI: INT_SRC_OVR (bus 0 bus_irq 9 global_irq 9 low level)
[    0.000000] ACPI: IRQ0 used by override.
[    0.000000] ACPI: IRQ9 used by override.
[    0.000000] Using ACPI (MADT) for SMP configuration information
[    0.000000] ACPI: HPET id: 0x10228201 base: 0xfed00000
[    0.000000] smpboot: Allowing 4 CPUs, 0 hotplug CPUs
[    0.000000] PM: Registered nosave memory: [mem 0x00000000-0x00000fff]
[    0.000000] PM: Registered nosave memory: [mem 0x000a0000-0x000fffff]
[    0.000000] PM: Registered nosave memory: [mem 0xdd5b6000-0xdd6affff]
[    0.000000] PM: Registered nosave memory: [mem 0xdd6b0000-0xdd6f6fff]
[    0.000000] PM: Registered nosave memory: [mem 0xdd6f7000-0xddb9dfff]
[    0.000000] PM: Registered nosave memory: [mem 0xddb9e000-0xddec9fff]
[    0.000000] PM: Registered nosave memory: [mem 0xddeca000-0xddf1bfff]
[    0.000000] PM: Registered nosave memory: [mem 0xde0b1000-0xde574fff]
[    0.000000] PM: Registered nosave memory: [mem 0xdeb02000-0xdeff7fff]
[    0.000000] PM: Registered nosave memory: [mem 0xdf000000-0xf7ffffff]
[    0.000000] PM: Registered nosave memory: [mem 0xf8000000-0xfbffffff]
[    0.000000] PM: Registered nosave memory: [mem 0xfc000000-0xfeb7ffff]
[    0.000000] PM: Registered nosave memory: [mem 0xfeb80000-0xfec01fff]
[    0.000000] PM: Registered nosave memory: [mem 0xfec02000-0xfec0ffff]
[    0.000000] PM: Registered nosave memory: [mem 0xfec10000-0xfec10fff]
[    0.000000] PM: Registered nosave memory: [mem 0xfec11000-0xfecfffff]
[    0.000000] PM: Registered nosave memory: [mem 0xfed00000-0xfed00fff]
[    0.000000] PM: Registered nosave memory: [mem 0xfed01000-0xfed3ffff]
[    0.000000] PM: Registered nosave memory: [mem 0xfed40000-0xfed44fff]
[    0.000000] PM: Registered nosave memory: [mem 0xfed45000-0xfed7ffff]
[    0.000000] PM: Registered nosave memory: [mem 0xfed80000-0xfed8ffff]
[    0.000000] PM: Registered nosave memory: [mem 0xfed90000-0xfedbffff]
[    0.000000] PM: Registered nosave memory: [mem 0xfedc0000-0xfedc0fff]
[    0.000000] PM: Registered nosave memory: [mem 0xfedc1000-0xfedc1fff]
[    0.000000] PM: Registered nosave memory: [mem 0xfedc2000-0xfedc8fff]
[    0.000000] PM: Registered nosave memory: [mem 0xfedc9000-0xff7fffff]
[    0.000000] PM: Registered nosave memory: [mem 0xff800000-0xffffffff]
[    0.000000] e820: [mem 0xdf000000-0xf7ffffff] available for PCI devices
[    0.000000] Booting paravirtualized kernel on bare hardware
[    0.000000] clocksource: refined-jiffies: mask: 0xffffffff max_cycles: 0xffffffff, max_idle_ns: 7645519600211568 ns
[    0.000000] setup_percpu: NR_CPUS:512 nr_cpumask_bits:512 nr_cpu_ids:4 nr_node_ids:1
[    0.000000] percpu: Embedded 36 pages/cpu @ffff9c7afec00000 s107288 r8192 d31976 u524288
[    0.000000] pcpu-alloc: s107288 r8192 d31976 u524288 alloc=1*2097152
[    0.000000] pcpu-alloc: [0] 0 1 2 3 
[    0.000000] Built 1 zonelists in Node order, mobility grouping on.  Total pages: 3986738
[    0.000000] Policy zone: Normal
[    0.000000] Kernel command line: BOOT_IMAGE=/vmlinuz-4.9.51+ root=/dev/mapper/ubuntu--vg-root ro quiet splash
[    0.000000] PID hash table entries: 4096 (order: 3, 32768 bytes)
[    0.000000] Calgary: detecting Calgary via BIOS EBDA area
[    0.000000] Calgary: Unable to locate Rio Grande table in EBDA - bailing!
[    0.000000] Memory: 15761052K/16200188K available (8700K kernel code, 1431K rwdata, 2880K rodata, 1564K init, 828K bss, 439136K reserved, 0K cma-reserved)
[    0.000000] SLUB: HWalign=64, Order=0-3, MinObjects=0, CPUs=4, Nodes=1
[    0.000000] Hierarchical RCU implementation.
[    0.000000] 	Build-time adjustment of leaf fanout to 64.
[    0.000000] 	RCU restricting CPUs from NR_CPUS=512 to nr_cpu_ids=4.
[    0.000000] RCU: Adjusting geometry for rcu_fanout_leaf=64, nr_cpu_ids=4
[    0.000000] NR_IRQS:33024 nr_irqs:1000 16
[    0.000000] Console: colour dummy device 80x25
[    0.000000] console [tty0] enabled
[    0.000000] clocksource: hpet: mask: 0xffffffff max_cycles: 0xffffffff, max_idle_ns: 133484873504 ns
[    0.000000] hpet clockevent registered
[    0.000000] tsc: Fast TSC calibration using PIT
[    0.000000] tsc: Detected 1796.735 MHz processor
[    0.000026] Calibrating delay loop (skipped), value calculated using timer frequency.. 3593.47 BogoMIPS (lpj=7186940)
[    0.000029] pid_max: default: 32768 minimum: 301
[    0.000041] ACPI: Core revision 20160831
[    0.015702] ACPI: 7 ACPI AML tables successfully acquired and loaded
[    0.015919] Security Framework initialized
[    0.015920] Yama: becoming mindful.
[    0.015931] AppArmor: AppArmor initialized
[    0.016660] Dentry cache hash table entries: 2097152 (order: 12, 16777216 bytes)
[    0.021139] Inode-cache hash table entries: 1048576 (order: 11, 8388608 bytes)
[    0.023216] Mount-cache hash table entries: 32768 (order: 6, 262144 bytes)
[    0.023231] Mountpoint-cache hash table entries: 32768 (order: 6, 262144 bytes)
[    0.023616] [Firmware Info]: CPU: Re-enabling disabled Topology Extensions Support.
[    0.023623] CPU: Physical Processor ID: 0
[    0.023624] CPU: Processor Core ID: 0
[    0.023625] mce: CPU supports 7 MCE banks
[    0.023634] LVT offset 1 assigned for vector 0xf9
[    0.023642] Last level iTLB entries: 4KB 512, 2MB 1024, 4MB 512
[    0.023643] Last level dTLB entries: 4KB 1024, 2MB 1024, 4MB 512, 1GB 0
[    0.024592] Freeing SMP alternatives memory: 32K
[    0.047948] ftrace: allocating 32976 entries in 129 pages
[    0.062757] smpboot: Max logical packages: 1
[    0.158130] ..TIMER: vector=0x30 apic1=0 pin1=2 apic2=-1 pin2=-1
[    0.301933] smpboot: CPU0: AMD A10-8700P Radeon R6, 10 Compute Cores 4C+6G (family: 0x15, model: 0x60, stepping: 0x1)
[    0.301937] Performance Events: Fam15h core perfctr, AMD PMU driver.
[    0.301942] ... version:                0
[    0.301943] ... bit width:              48
[    0.301943] ... generic registers:      6
[    0.301944] ... value mask:             0000ffffffffffff
[    0.301945] ... max period:             00007fffffffffff
[    0.301945] ... fixed-purpose events:   0
[    0.301945] ... event mask:             000000000000003f
[    0.302801] x86: Booting SMP configuration:
[    0.302803] .... node  #0, CPUs:      #1
[    0.335958] TSC synchronization [CPU#0 -> CPU#1]:
[    0.335960] Measured 160364110 cycles TSC warp between CPUs, turning off TSC clock.
[    0.335966] tsc: Marking TSC unstable due to check_tsc_sync_source failed
[    0.336134]  #2 #3
[    0.176045] x86: Booted up 1 node, 4 CPUs
[    0.176045] smpboot: Total of 4 processors activated (14370.04 BogoMIPS)
[    0.177571] devtmpfs: initialized
[    0.177571] x86/mm: Memory block size: 128MB
[    0.181775] evm: security.selinux
[    0.181775] evm: security.SMACK64
[    0.181776] evm: security.SMACK64EXEC
[    0.181776] evm: security.SMACK64TRANSMUTE
[    0.181777] evm: security.SMACK64MMAP
[    0.181777] evm: security.ima
[    0.181778] evm: security.capability
[    0.181836] PM: Registering ACPI NVS region [mem 0xdd6f7000-0xddb9dfff] (4878336 bytes)
[    0.181836] clocksource: jiffies: mask: 0xffffffff max_cycles: 0xffffffff, max_idle_ns: 7645041785100000 ns
[    0.181836] futex hash table entries: 1024 (order: 4, 65536 bytes)
[    0.181836] pinctrl core: initialized pinctrl subsystem
[    0.181836] RTC time: 15:51:41, date: 09/27/17
[    0.181836] NET: Registered protocol family 16
[    0.196086] cpuidle: using governor ladder
[    0.212084] cpuidle: using governor menu
[    0.212088] PCCT header not found.
[    0.212216] Simple Boot Flag at 0x47 set to 0x1
[    0.212275] ACPI: bus type PCI registered
[    0.212277] acpiphp: ACPI Hot Plug PCI Controller Driver version: 0.5
[    0.212371] PCI: MMCONFIG for domain 0000 [bus 00-3f] at [mem 0xf8000000-0xfbffffff] (base 0xf8000000)
[    0.212374] PCI: MMCONFIG at [mem 0xf8000000-0xfbffffff] reserved in E820
[    0.212384] pmd_set_huge: Cannot satisfy [mem 0xf8000000-0xf8200000] with a huge-page mapping due to MTRR override.
[    0.212469] PCI: Using configuration type 1 for base access
[    0.228152] HugeTLB registered 1 GB page size, pre-allocated 0 pages
[    0.228152] HugeTLB registered 2 MB page size, pre-allocated 0 pages
[    0.228152] ACPI: Added _OSI(Module Device)
[    0.228152] ACPI: Added _OSI(Processor Device)
[    0.228152] ACPI: Added _OSI(3.0 _SCP Extensions)
[    0.228152] ACPI: Added _OSI(Processor Aggregator Device)
[    0.236592] ACPI: [Firmware Bug]: BIOS _OSI(Linux) query ignored
[    0.238421] ACPI : EC: EC started
[    0.238422] ACPI : EC: interrupt blocked
[    1.056344] ACPI: \_SB_.PCI0.SBRG.EC0_: Used as first EC
[    1.056347] ACPI: \_SB_.PCI0.SBRG.EC0_: GPE=0x3, EC_CMD/EC_SC=0x66, EC_DATA=0x62
[    1.056349] ACPI: \_SB_.PCI0.SBRG.EC0_: Used as boot DSDT EC to handle transactions
[    1.056350] ACPI: Interpreter enabled
[    1.056380] ACPI: (supports S0 S3 S4 S5)
[    1.056382] ACPI: Using IOAPIC for interrupt routing
[    1.056422] PCI: Using host bridge windows from ACPI; if necessary, use "pci=nocrs" and report a bug
[    1.057059] [Firmware Bug]: ACPI: No _BQC method, cannot determine initial brightness
[    1.059312] [Firmware Bug]: ACPI: No _BQC method, cannot determine initial brightness
[    1.060459] ACPI: Power Resource [P0ST] (on)
[    1.060489] ACPI: Power Resource [P3ST] (on)
[    1.060563] ACPI: Power Resource [P0SA] (off)
[    1.060588] ACPI: Power Resource [P3SA] (off)
[    1.062499] ACPI: Power Resource [P0U2] (off)
[    1.062528] ACPI: Power Resource [P3U2] (off)
[    1.062870] ACPI: Power Resource [P0U3] (off)
[    1.062901] ACPI: Power Resource [P3U3] (off)
[    1.063262] ACPI: Power Resource [P0SD] (off)
[    1.063292] ACPI: Power Resource [P3SD] (off)
[    1.067792] ACPI: PCI Root Bridge [PCI0] (domain 0000 [bus 00-ff])
[    1.067798] acpi PNP0A08:00: _OSC: OS supports [ExtendedConfig ASPM ClockPM Segments MSI]
[    1.067927] acpi PNP0A08:00: _OSC: platform does not support [PME]
[    1.068094] acpi PNP0A08:00: _OSC: OS now controls [PCIeHotplug AER PCIeCapability]
[    1.068121] acpi PNP0A08:00: [Firmware Info]: MMCONFIG for domain 0000 [bus 00-3f] only partially covers this bridge
[    1.068483] PCI host bridge to bus 0000:00
[    1.068485] pci_bus 0000:00: root bus resource [io  0x0000-0x03af window]
[    1.068486] pci_bus 0000:00: root bus resource [io  0x03e0-0x0cf7 window]
[    1.068487] pci_bus 0000:00: root bus resource [io  0x03b0-0x03df window]
[    1.068488] pci_bus 0000:00: root bus resource [io  0x0d00-0xffff window]
[    1.068489] pci_bus 0000:00: root bus resource [mem 0x000a0000-0x000bffff window]
[    1.068491] pci_bus 0000:00: root bus resource [mem 0x000c0000-0x000dffff window]
[    1.068492] pci_bus 0000:00: root bus resource [mem 0xe0000000-0xfed3ffff window]
[    1.068493] pci_bus 0000:00: root bus resource [mem 0xfedca000-0xffffffff window]
[    1.068494] pci_bus 0000:00: root bus resource [bus 00-ff]
[    1.068502] pci 0000:00:00.0: [1022:1576] type 00 class 0x060000
[    1.068601] pci 0000:00:00.2: [1022:1577] type 00 class 0x080600
[    1.068706] pci 0000:00:01.0: [1002:9874] type 00 class 0x030000
[    1.068718] pci 0000:00:01.0: reg 0x10: [mem 0xe0000000-0xefffffff 64bit pref]
[    1.068725] pci 0000:00:01.0: reg 0x18: [mem 0xf0000000-0xf07fffff 64bit pref]
[    1.068731] pci 0000:00:01.0: reg 0x20: [io  0xf000-0xf0ff]
[    1.068736] pci 0000:00:01.0: reg 0x24: [mem 0xff700000-0xff73ffff]
[    1.068741] pci 0000:00:01.0: reg 0x30: [mem 0xff740000-0xff75ffff pref]
[    1.068774] pci 0000:00:01.0: supports D1 D2
[    1.068775] pci 0000:00:01.0: PME# supported from D1 D2 D3hot
[    1.068851] pci 0000:00:01.1: [1002:9840] type 00 class 0x040300
[    1.068862] pci 0000:00:01.1: reg 0x10: [mem 0xff764000-0xff767fff 64bit]
[    1.068908] pci 0000:00:01.1: supports D1 D2
[    1.068970] pci 0000:00:02.0: [1022:157b] type 00 class 0x060000
[    1.069053] pci 0000:00:02.2: [1022:157c] type 01 class 0x060400
[    1.069112] pci 0000:00:02.2: PME# supported from D0 D3hot D3cold
[    1.069189] pci 0000:00:02.3: [1022:157c] type 01 class 0x060400
[    1.069247] pci 0000:00:02.3: PME# supported from D0 D3hot D3cold
[    1.069321] pci 0000:00:02.4: [1022:157c] type 01 class 0x060400
[    1.069379] pci 0000:00:02.4: PME# supported from D0 D3hot D3cold
[    1.069451] pci 0000:00:03.0: [1022:157b] type 00 class 0x060000
[    1.069532] pci 0000:00:03.1: [1022:157c] type 01 class 0x060400
[    1.069592] pci 0000:00:03.1: PME# supported from D0 D3hot D3cold
[    1.069675] pci 0000:00:08.0: [1022:1578] type 00 class 0x108000
[    1.069686] pci 0000:00:08.0: reg 0x10: [mem 0xf0800000-0xf081ffff 64bit pref]
[    1.069690] pci 0000:00:08.0: reg 0x18: [mem 0xff300000-0xff3fffff]
[    1.069695] pci 0000:00:08.0: reg 0x1c: [mem 0xff76f000-0xff76ffff]
[    1.069702] pci 0000:00:08.0: reg 0x24: [mem 0xff76a000-0xff76bfff]
[    1.069781] pci 0000:00:09.0: [1022:157d] type 00 class 0x060000
[    1.069857] pci 0000:00:09.2: [1022:157a] type 00 class 0x040300
[    1.069864] pci 0000:00:09.2: reg 0x10: [mem 0xff760000-0xff763fff]
[    1.069894] pci 0000:00:09.2: PME# supported from D0 D3hot D3cold
[    1.069978] pci 0000:00:10.0: [1022:7914] type 00 class 0x0c0330
[    1.069999] pci 0000:00:10.0: reg 0x10: [mem 0xff768000-0xff769fff 64bit]
[    1.070094] pci 0000:00:10.0: PME# supported from D0 D3hot D3cold
[    1.070142] pci 0000:00:10.0: System wakeup disabled by ACPI
[    1.070178] pci 0000:00:11.0: [1022:7901] type 00 class 0x010601
[    1.070193] pci 0000:00:11.0: reg 0x10: [io  0xf140-0xf147]
[    1.070201] pci 0000:00:11.0: reg 0x14: [io  0xf130-0xf133]
[    1.070209] pci 0000:00:11.0: reg 0x18: [io  0xf120-0xf127]
[    1.070217] pci 0000:00:11.0: reg 0x1c: [io  0xf110-0xf113]
[    1.070225] pci 0000:00:11.0: reg 0x20: [io  0xf100-0xf10f]
[    1.070233] pci 0000:00:11.0: reg 0x24: [mem 0xff76d000-0xff76d3ff]
[    1.070275] pci 0000:00:11.0: PME# supported from D3hot
[    1.070384] pci 0000:00:12.0: [1022:7908] type 00 class 0x0c0320
[    1.070399] pci 0000:00:12.0: reg 0x10: [mem 0xff76c000-0xff76c0ff]
[    1.070469] pci 0000:00:12.0: supports D1 D2
[    1.070470] pci 0000:00:12.0: PME# supported from D0 D1 D2 D3hot D3cold
[    1.070506] pci 0000:00:12.0: System wakeup disabled by ACPI
[    1.070538] pci 0000:00:14.0: [1022:790b] type 00 class 0x0c0500
[    1.070656] pci 0000:00:14.3: [1022:790e] type 00 class 0x060100
[    1.070780] pci 0000:00:18.0: [1022:1570] type 00 class 0x060000
[    1.070846] pci 0000:00:18.1: [1022:1571] type 00 class 0x060000
[    1.070910] pci 0000:00:18.2: [1022:1572] type 00 class 0x060000
[    1.070982] pci 0000:00:18.3: [1022:1573] type 00 class 0x060000
[    1.071049] pci 0000:00:18.4: [1022:1574] type 00 class 0x060000
[    1.071112] pci 0000:00:18.5: [1022:1575] type 00 class 0x060000
[    1.071241] pci 0000:01:00.0: [10ec:5229] type 00 class 0xff0000
[    1.071255] pci 0000:01:00.0: reg 0x10: [mem 0xff600000-0xff600fff]
[    1.071348] pci 0000:01:00.0: supports D1 D2
[    1.071349] pci 0000:01:00.0: PME# supported from D1 D2 D3hot
[    1.080106] pci 0000:00:02.2: PCI bridge to [bus 01]
[    1.080131] pci 0000:00:02.2:   bridge window [mem 0xff600000-0xff6fffff]
[    1.080314] pci 0000:02:00.0: [10ec:8136] type 00 class 0x020000
[    1.080334] pci 0000:02:00.0: reg 0x10: [io  0xe000-0xe0ff]
[    1.080358] pci 0000:02:00.0: reg 0x18: [mem 0xff514000-0xff514fff 64bit pref]
[    1.080372] pci 0000:02:00.0: reg 0x20: [mem 0xff510000-0xff513fff 64bit pref]
[    1.080382] pci 0000:02:00.0: reg 0x30: [mem 0xff500000-0xff50ffff pref]
[    1.080466] pci 0000:02:00.0: supports D1 D2
[    1.080467] pci 0000:02:00.0: PME# supported from D0 D1 D2 D3hot D3cold
[    1.082172] pci 0000:02:00.0: System wakeup disabled by ACPI
[    1.092105] pci 0000:00:02.3: PCI bridge to [bus 02]
[    1.092128] pci 0000:00:02.3:   bridge window [io  0xe000-0xefff]
[    1.092132] pci 0000:00:02.3:   bridge window [mem 0xff500000-0xff5fffff]
[    1.092312] pci 0000:03:00.0: [10ec:b723] type 00 class 0x028000
[    1.092332] pci 0000:03:00.0: reg 0x10: [io  0xd000-0xd0ff]
[    1.092353] pci 0000:03:00.0: reg 0x18: [mem 0xff400000-0xff403fff 64bit]
[    1.092457] pci 0000:03:00.0: supports D1 D2
[    1.092459] pci 0000:03:00.0: PME# supported from D0 D1 D2 D3hot D3cold
[    1.104106] pci 0000:00:02.4: PCI bridge to [bus 03]
[    1.104128] pci 0000:00:02.4:   bridge window [io  0xd000-0xdfff]
[    1.104132] pci 0000:00:02.4:   bridge window [mem 0xff400000-0xff4fffff]
[    1.104333] pci 0000:00:03.1: PCI bridge to [bus 04]
[    1.105356] ACPI: IRQ 7 override to edge, high
[    1.105474] ACPI: PCI Interrupt Link [LNKA] (IRQs 4 5 7 *10 11 14 15)
[    1.105517] ACPI: PCI Interrupt Link [LNKB] (IRQs 4 5 7 10 11 14 15) *0
[    1.105555] ACPI: PCI Interrupt Link [LNKC] (IRQs *4 5 7 10 11 14 15)
[    1.105600] ACPI: PCI Interrupt Link [LNKD] (IRQs 4 *5 7 10 11 14 15)
[    1.105641] ACPI: PCI Interrupt Link [LNKE] (IRQs 4 5 7 10 *11 14 15)
[    1.105675] ACPI: PCI Interrupt Link [LNKF] (IRQs 4 5 7 10 11 14 15) *0
[    1.105709] ACPI: PCI Interrupt Link [LNKG] (IRQs 4 5 7 10 11 14 15) *0
[    1.105743] ACPI: PCI Interrupt Link [LNKH] (IRQs 4 5 7 10 11 14 15) *0
[    1.107245] ACPI : EC: interrupt unblocked
[    1.107252] ACPI : EC: event unblocked
[    1.107258] ACPI: \_SB_.PCI0.SBRG.EC0_: GPE=0x3, EC_CMD/EC_SC=0x66, EC_DATA=0x62
[    1.107260] ACPI: \_SB_.PCI0.SBRG.EC0_: Used as boot DSDT EC to handle transactions and events
[    1.107497] vgaarb: setting as boot device: PCI:0000:00:01.0
[    1.107497] vgaarb: device added: PCI:0000:00:01.0,decodes=io+mem,owns=io+mem,locks=none
[    1.107497] vgaarb: loaded
[    1.107497] vgaarb: bridge control possible 0000:00:01.0
[    1.108300] SCSI subsystem initialized
[    1.108373] libata version 3.00 loaded.
[    1.108373] ACPI: bus type USB registered
[    1.108373] usbcore: registered new interface driver usbfs
[    1.108373] usbcore: registered new interface driver hub
[    1.108373] usbcore: registered new device driver usb
[    1.108373] Registered efivars operations
[    1.112143] PCI: Using ACPI for IRQ routing
[    1.113713] PCI: pci_cache_line_size set to 64 bytes
[    1.113765] e820: reserve RAM buffer [mem 0xdd5b6000-0xdfffffff]
[    1.113766] e820: reserve RAM buffer [mem 0xde0b1000-0xdfffffff]
[    1.113768] e820: reserve RAM buffer [mem 0xdeb02000-0xdfffffff]
[    1.113768] e820: reserve RAM buffer [mem 0xdf000000-0xdfffffff]
[    1.113769] e820: reserve RAM buffer [mem 0x3ff000000-0x3ffffffff]
[    1.113875] NetLabel: Initializing
[    1.113875] NetLabel:  domain hash size = 128
[    1.113876] NetLabel:  protocols = UNLABELED CIPSOv4
[    1.113891] NetLabel:  unlabeled traffic allowed by default
[    1.113950] hpet0: at MMIO 0xfed00000, IRQs 2, 8, 0
[    1.113950] hpet0: 3 comparators, 32-bit 14.318180 MHz counter
[    1.116055] clocksource: Switched to clocksource hpet
[    1.125735] VFS: Disk quotas dquot_6.6.0
[    1.125763] VFS: Dquot-cache hash table entries: 512 (order 0, 4096 bytes)
[    1.125868] AppArmor: AppArmor Filesystem Enabled
[    1.125942] pnp: PnP ACPI init
[    1.126176] system 00:00: [mem 0xf8000000-0xfbffffff] has been reserved
[    1.126180] system 00:00: Plug and Play ACPI device, IDs PNP0c01 (active)
[    1.126259] system 00:01: [mem 0xc0000000-0xdfffffff] could not be reserved
[    1.126261] system 00:01: Plug and Play ACPI device, IDs PNP0c02 (active)
[    1.126329] system 00:02: [mem 0xfeb80000-0xfebfffff] could not be reserved
[    1.126331] system 00:02: Plug and Play ACPI device, IDs PNP0c02 (active)
[    1.126405] pnp 00:03: Plug and Play ACPI device, IDs PNP0b00 (active)
[    1.126503] pnp 00:04: Plug and Play ACPI device, IDs HPQ8001 PNP0303 (active)
[    1.126533] pnp 00:05: Plug and Play ACPI device, IDs SYN322c PNP0f13 (active)
[    1.126759] system 00:06: [io  0x04d0-0x04d1] has been reserved
[    1.126761] system 00:06: [io  0x040b] has been reserved
[    1.126762] system 00:06: [io  0x04d6] has been reserved
[    1.126763] system 00:06: [io  0x0c00-0x0c01] has been reserved
[    1.126765] system 00:06: [io  0x0c14] has been reserved
[    1.126766] system 00:06: [io  0x0c50-0x0c51] has been reserved
[    1.126767] system 00:06: [io  0x0c52] has been reserved
[    1.126768] system 00:06: [io  0x0c6c] has been reserved
[    1.126769] system 00:06: [io  0x0c6f] has been reserved
[    1.126770] system 00:06: [io  0x0cd0-0x0cd1] has been reserved
[    1.126772] system 00:06: [io  0x0cd2-0x0cd3] has been reserved
[    1.126773] system 00:06: [io  0x0cd4-0x0cd5] has been reserved
[    1.126774] system 00:06: [io  0x0cd6-0x0cd7] has been reserved
[    1.126775] system 00:06: [io  0x0cd8-0x0cdf] has been reserved
[    1.126776] system 00:06: [io  0x0800-0x089f] has been reserved
[    1.126778] system 00:06: [io  0x0b20-0x0b3f] has been reserved
[    1.126779] system 00:06: [io  0x0900-0x090f] has been reserved
[    1.126780] system 00:06: [io  0x0910-0x091f] has been reserved
[    1.126782] system 00:06: [io  0xfe00-0xfefe] has been reserved
[    1.126783] system 00:06: [mem 0xfec00000-0xfec00fff] could not be reserved
[    1.126785] system 00:06: [mem 0xfec01000-0xfec01fff] could not be reserved
[    1.126786] system 00:06: [mem 0xfedc0000-0xfedc0fff] has been reserved
[    1.126787] system 00:06: [mem 0xfee00000-0xfee00fff] has been reserved
[    1.126789] system 00:06: [mem 0xfed80000-0xfed8ffff] has been reserved
[    1.126790] system 00:06: [mem 0xfed61000-0xfed70fff] has been reserved
[    1.126791] system 00:06: [mem 0xfec10000-0xfec10fff] has been reserved
[    1.126792] system 00:06: [mem 0xfeb00000-0xfeb00fff] has been reserved
[    1.126794] system 00:06: [mem 0xff800000-0xffffffff] has been reserved
[    1.126796] system 00:06: Plug and Play ACPI device, IDs PNP0c02 (active)
[    1.127839] pnp: PnP ACPI: found 7 devices
[    1.135772] clocksource: acpi_pm: mask: 0xffffff max_cycles: 0xffffff, max_idle_ns: 2085701024 ns
[    1.135803] pci 0000:00:02.4: bridge window [mem 0x00100000-0x000fffff 64bit pref] to [bus 03] add_size 200000 add_align 100000
[    1.135810] pci 0000:00:03.1: bridge window [io  0x1000-0x0fff] to [bus 04] add_size 1000
[    1.135812] pci 0000:00:03.1: bridge window [mem 0x00100000-0x000fffff 64bit pref] to [bus 04] add_size 200000 add_align 100000
[    1.135813] pci 0000:00:03.1: bridge window [mem 0x00100000-0x000fffff] to [bus 04] add_size 200000 add_align 100000
[    1.135819] pci 0000:00:02.4: res[15]=[mem 0x00100000-0x000fffff 64bit pref] res_to_dev_res add_size 200000 min_align 100000
[    1.135821] pci 0000:00:02.4: res[15]=[mem 0x00100000-0x002fffff 64bit pref] res_to_dev_res add_size 200000 min_align 100000
[    1.135822] pci 0000:00:03.1: res[14]=[mem 0x00100000-0x000fffff] res_to_dev_res add_size 200000 min_align 100000
[    1.135824] pci 0000:00:03.1: res[14]=[mem 0x00100000-0x002fffff] res_to_dev_res add_size 200000 min_align 100000
[    1.135825] pci 0000:00:03.1: res[15]=[mem 0x00100000-0x000fffff 64bit pref] res_to_dev_res add_size 200000 min_align 100000
[    1.135826] pci 0000:00:03.1: res[15]=[mem 0x00100000-0x002fffff 64bit pref] res_to_dev_res add_size 200000 min_align 100000
[    1.135827] pci 0000:00:03.1: res[13]=[io  0x1000-0x0fff] res_to_dev_res add_size 1000 min_align 1000
[    1.135829] pci 0000:00:03.1: res[13]=[io  0x1000-0x1fff] res_to_dev_res add_size 1000 min_align 1000
[    1.135836] pci 0000:00:02.4: BAR 15: assigned [mem 0xf0900000-0xf0afffff 64bit pref]
[    1.135838] pci 0000:00:03.1: BAR 14: assigned [mem 0xf0b00000-0xf0cfffff]
[    1.135843] pci 0000:00:03.1: BAR 15: assigned [mem 0xf0d00000-0xf0efffff 64bit pref]
[    1.135846] pci 0000:00:03.1: BAR 13: assigned [io  0x1000-0x1fff]
[    1.135849] pci 0000:00:02.2: PCI bridge to [bus 01]
[    1.135853] pci 0000:00:02.2:   bridge window [mem 0xff600000-0xff6fffff]
[    1.135859] pci 0000:00:02.3: PCI bridge to [bus 02]
[    1.135861] pci 0000:00:02.3:   bridge window [io  0xe000-0xefff]
[    1.135864] pci 0000:00:02.3:   bridge window [mem 0xff500000-0xff5fffff]
[    1.135869] pci 0000:00:02.4: PCI bridge to [bus 03]
[    1.135871] pci 0000:00:02.4:   bridge window [io  0xd000-0xdfff]
[    1.135874] pci 0000:00:02.4:   bridge window [mem 0xff400000-0xff4fffff]
[    1.135877] pci 0000:00:02.4:   bridge window [mem 0xf0900000-0xf0afffff 64bit pref]
[    1.135880] pci 0000:00:03.1: PCI bridge to [bus 04]
[    1.135882] pci 0000:00:03.1:   bridge window [io  0x1000-0x1fff]
[    1.135885] pci 0000:00:03.1:   bridge window [mem 0xf0b00000-0xf0cfffff]
[    1.135888] pci 0000:00:03.1:   bridge window [mem 0xf0d00000-0xf0efffff 64bit pref]
[    1.135894] pci_bus 0000:00: resource 4 [io  0x0000-0x03af window]
[    1.135895] pci_bus 0000:00: resource 5 [io  0x03e0-0x0cf7 window]
[    1.135896] pci_bus 0000:00: resource 6 [io  0x03b0-0x03df window]
[    1.135897] pci_bus 0000:00: resource 7 [io  0x0d00-0xffff window]
[    1.135898] pci_bus 0000:00: resource 8 [mem 0x000a0000-0x000bffff window]
[    1.135899] pci_bus 0000:00: resource 9 [mem 0x000c0000-0x000dffff window]
[    1.135900] pci_bus 0000:00: resource 10 [mem 0xe0000000-0xfed3ffff window]
[    1.135901] pci_bus 0000:00: resource 11 [mem 0xfedca000-0xffffffff window]
[    1.135902] pci_bus 0000:01: resource 1 [mem 0xff600000-0xff6fffff]
[    1.135904] pci_bus 0000:02: resource 0 [io  0xe000-0xefff]
[    1.135905] pci_bus 0000:02: resource 1 [mem 0xff500000-0xff5fffff]
[    1.135906] pci_bus 0000:03: resource 0 [io  0xd000-0xdfff]
[    1.135907] pci_bus 0000:03: resource 1 [mem 0xff400000-0xff4fffff]
[    1.135908] pci_bus 0000:03: resource 2 [mem 0xf0900000-0xf0afffff 64bit pref]
[    1.135909] pci_bus 0000:04: resource 0 [io  0x1000-0x1fff]
[    1.135910] pci_bus 0000:04: resource 1 [mem 0xf0b00000-0xf0cfffff]
[    1.135911] pci_bus 0000:04: resource 2 [mem 0xf0d00000-0xf0efffff 64bit pref]
[    1.135997] NET: Registered protocol family 2
[    1.136275] TCP established hash table entries: 131072 (order: 8, 1048576 bytes)
[    1.136581] TCP bind hash table entries: 65536 (order: 8, 1048576 bytes)
[    1.136880] TCP: Hash tables configured (established 131072 bind 65536)
[    1.136939] UDP hash table entries: 8192 (order: 6, 262144 bytes)
[    1.137014] UDP-Lite hash table entries: 8192 (order: 6, 262144 bytes)
[    1.137142] NET: Registered protocol family 1
[    1.137165] pci 0000:00:01.0: Video device with shadowed ROM at [mem 0x000c0000-0x000dffff]
[    1.160337] PCI: CLS 0 bytes, default 64
[    1.160414] Trying to unpack rootfs image as initramfs...
[    1.804623] Freeing initrd memory: 43552K
[    1.804764] AMD-Vi: IOMMU performance counters supported
[    1.805020] pci 0000:00:00.2: can't derive routing for PCI INT A
[    1.805021] pci 0000:00:00.2: PCI INT A: not connected
[    1.805215] iommu: Adding device 0000:00:01.0 to group 0
[    1.805278] iommu: Using direct mapping for device 0000:00:01.0
[    1.805312] iommu: Adding device 0000:00:01.1 to group 0
[    1.805364] iommu: Adding device 0000:00:02.0 to group 1
[    1.805380] iommu: Adding device 0000:00:02.2 to group 1
[    1.805396] iommu: Adding device 0000:00:02.3 to group 1
[    1.805411] iommu: Adding device 0000:00:02.4 to group 1
[    1.805467] iommu: Adding device 0000:00:03.0 to group 2
[    1.805483] iommu: Adding device 0000:00:03.1 to group 2
[    1.805530] iommu: Adding device 0000:00:08.0 to group 3
[    1.805588] iommu: Adding device 0000:00:09.0 to group 4
[    1.805602] iommu: Adding device 0000:00:09.2 to group 4
[    1.805652] iommu: Adding device 0000:00:10.0 to group 5
[    1.805698] iommu: Adding device 0000:00:11.0 to group 6
[    1.805746] iommu: Adding device 0000:00:12.0 to group 7
[    1.805804] iommu: Adding device 0000:00:14.0 to group 8
[    1.805821] iommu: Adding device 0000:00:14.3 to group 8
[    1.805894] iommu: Adding device 0000:00:18.0 to group 9
[    1.805910] iommu: Adding device 0000:00:18.1 to group 9
[    1.805926] iommu: Adding device 0000:00:18.2 to group 9
[    1.805942] iommu: Adding device 0000:00:18.3 to group 9
[    1.805958] iommu: Adding device 0000:00:18.4 to group 9
[    1.805973] iommu: Adding device 0000:00:18.5 to group 9
[    1.805986] iommu: Adding device 0000:01:00.0 to group 1
[    1.806002] iommu: Adding device 0000:02:00.0 to group 1
[    1.806018] iommu: Adding device 0000:03:00.0 to group 1
[    1.806490] AMD-Vi: Found IOMMU at 0000:00:00.2 cap 0x40
[    1.806492] AMD-Vi: Extended features (0x37ef22294ada):
[    1.806493]  PPR NX GT IA GA PC GA_vAPIC
[    1.806497] AMD-Vi: Interrupt remapping enabled
[    1.806497] AMD-Vi: virtual APIC enabled
[    1.806837] AMD-Vi: Lazy IO/TLB flushing enabled
[    1.808309] perf: AMD NB counters detected
[    1.808616] LVT offset 0 assigned for vector 0x400
[    1.808680] perf: AMD IBS detected (0x000007ff)
[    1.808687] perf: amd_iommu: Detected. (0 banks, 0 counters/bank)
[    1.808702] clocksource: tsc: mask: 0xffffffffffffffff max_cycles: 0x19e61d3fe36, max_idle_ns: 440795243221 ns
[    1.808764] Scanning for low memory corruption every 60 seconds
[    1.809236] audit: initializing netlink subsys (disabled)
[    1.809260] audit: type=2000 audit(1506527501.808:1): initialized
[    1.809484] Initialise system trusted keyrings
[    1.809751] workingset: timestamp_bits=40 max_order=22 bucket_order=0
[    1.811414] zbud: loaded
[    1.812153] squashfs: version 4.0 (2009/01/31) Phillip Lougher
[    1.812446] fuse init (API version 7.26)
[    1.812628] Allocating IMA blacklist keyring.
[    1.815087] Key type asymmetric registered
[    1.815088] Asymmetric key parser 'x509' registered
[    1.815133] Block layer SCSI generic (bsg) driver version 0.4 loaded (major 248)
[    1.815186] io scheduler noop registered
[    1.815187] io scheduler deadline registered (default)
[    1.815225] io scheduler cfq registered
[    1.815953] pci_hotplug: PCI Hot Plug PCI Core version: 0.5
[    1.815963] pciehp 0000:00:02.4:pcie004: Slot #0 AttnBtn- PwrCtrl- MRL- AttnInd- PwrInd- HotPlug+ Surprise- Interlock- NoCompl+ LLActRep+
[    1.816135] pciehp 0000:00:02.4:pcie004: service driver pciehp loaded
[    1.816145] pciehp 0000:00:03.1:pcie004: Slot #0 AttnBtn- PwrCtrl- MRL- AttnInd- PwrInd- HotPlug+ Surprise- Interlock- NoCompl+ LLActRep+
[    1.816181] pciehp 0000:00:03.1:pcie004: service driver pciehp loaded
[    1.816186] pciehp: PCI Express Hot Plug Controller Driver version: 0.4
[    1.877072] ACPI: AC Adapter [ACAD] (on-line)
[    1.877178] input: Power Button as /devices/LNXSYSTM:00/LNXSYBUS:00/PNP0C0C:00/input/input0
[    1.877181] ACPI: Power Button [PWRB]
[    1.877467] input: Lid Switch as /devices/LNXSYSTM:00/LNXSYBUS:00/PNP0C0D:00/input/input1
[    1.878003] ACPI: Lid Switch [LID]
[    1.878050] input: Power Button as /devices/LNXSYSTM:00/LNXPWRBN:00/input/input2
[    1.878052] ACPI: Power Button [PWRF]
[    1.881670] thermal LNXTHERM:00: registered as thermal_zone0
[    1.881672] ACPI: Thermal Zone [THRM] (60 C)
[    1.881778] GHES: HEST is not enabled!
[    1.882015] Serial: 8250/16550 driver, 32 ports, IRQ sharing enabled
[    1.884481] Linux agpgart interface v0.103
[    1.909227] ACPI: Battery Slot [BAT0] (battery present)
[    1.913101] brd: module loaded
[    1.914919] loop: module loaded
[    1.915232] libphy: Fixed MDIO Bus: probed
[    1.915233] tun: Universal TUN/TAP device driver, 1.6
[    1.915233] tun: (C) 1999-2004 Max Krasnyansky <maxk@qualcomm.com>
[    1.915477] PPP generic driver version 2.4.2
[    1.915543] ehci_hcd: USB 2.0 'Enhanced' Host Controller (EHCI) Driver
[    1.915546] ehci-pci: EHCI PCI platform driver
[    1.915787] ehci-pci 0000:00:12.0: EHCI Host Controller
[    1.915831] ehci-pci 0000:00:12.0: new USB bus registered, assigned bus number 1
[    1.915844] ehci-pci 0000:00:12.0: debug port 2
[    1.915899] ehci-pci 0000:00:12.0: irq 18, io mem 0xff76c000
[    1.928186] ehci-pci 0000:00:12.0: USB 2.0 started, EHCI 1.00
[    1.928267] usb usb1: New USB device found, idVendor=1d6b, idProduct=0002
[    1.928269] usb usb1: New USB device strings: Mfr=3, Product=2, SerialNumber=1
[    1.928271] usb usb1: Product: EHCI Host Controller
[    1.928272] usb usb1: Manufacturer: Linux 4.9.51+ ehci_hcd
[    1.928273] usb usb1: SerialNumber: 0000:00:12.0
[    1.928501] hub 1-0:1.0: USB hub found
[    1.928509] hub 1-0:1.0: 2 ports detected
[    1.928683] ehci-platform: EHCI generic platform driver
[    1.928711] ohci_hcd: USB 1.1 'Open' Host Controller (OHCI) Driver
[    1.928714] ohci-pci: OHCI PCI platform driver
[    1.928729] ohci-platform: OHCI generic platform driver
[    1.928739] uhci_hcd: USB Universal Host Controller Interface driver
[    1.928985] xhci_hcd 0000:00:10.0: xHCI Host Controller
[    1.928990] xhci_hcd 0000:00:10.0: new USB bus registered, assigned bus number 2
[    1.929205] xhci_hcd 0000:00:10.0: hcc params 0x014040c3 hci version 0x100 quirks 0x00000410
[    1.929427] usb usb2: New USB device found, idVendor=1d6b, idProduct=0002
[    1.929429] usb usb2: New USB device strings: Mfr=3, Product=2, SerialNumber=1
[    1.929430] usb usb2: Product: xHCI Host Controller
[    1.929431] usb usb2: Manufacturer: Linux 4.9.51+ xhci-hcd
[    1.929431] usb usb2: SerialNumber: 0000:00:10.0
[    1.929737] hub 2-0:1.0: USB hub found
[    1.929747] hub 2-0:1.0: 4 ports detected
[    1.929939] xhci_hcd 0000:00:10.0: xHCI Host Controller
[    1.929943] xhci_hcd 0000:00:10.0: new USB bus registered, assigned bus number 3
[    1.936121] usb usb3: We don't know the algorithms for LPM for this host, disabling LPM.
[    1.936144] usb usb3: New USB device found, idVendor=1d6b, idProduct=0003
[    1.936146] usb usb3: New USB device strings: Mfr=3, Product=2, SerialNumber=1
[    1.936147] usb usb3: Product: xHCI Host Controller
[    1.936148] usb usb3: Manufacturer: Linux 4.9.51+ xhci-hcd
[    1.936150] usb usb3: SerialNumber: 0000:00:10.0
[    1.936329] hub 3-0:1.0: USB hub found
[    1.936340] hub 3-0:1.0: 4 ports detected
[    1.936616] i8042: PNP: PS/2 Controller [PNP0303:PS2K,PNP0f13:PS2M] at 0x60,0x64 irq 1,12
[    1.944351] serio: i8042 KBD port at 0x60,0x64 irq 1
[    1.944356] serio: i8042 AUX port at 0x60,0x64 irq 12
[    1.944767] mousedev: PS/2 mouse device common for all mice
[    1.945017] rtc_cmos 00:03: RTC can wake from S4
[    1.945149] rtc_cmos 00:03: rtc core: registered rtc_cmos as rtc0
[    1.945179] rtc_cmos 00:03: alarms up to one month, y3k, 114 bytes nvram, hpet irqs
[    1.945186] i2c /dev entries driver
[    1.945260] device-mapper: uevent: version 1.0.3
[    1.945350] device-mapper: ioctl: 4.35.0-ioctl (2016-06-23) initialised: dm-devel@redhat.com
[    1.945429] ledtrig-cpu: registered to indicate activity on CPUs
[    1.945433] EFI Variables Facility v0.08 2004-May-17
[    1.950336] NET: Registered protocol family 10
[    1.950660] NET: Registered protocol family 17
[    1.950669] Key type dns_resolver registered
[    1.951259] microcode: CPU0: patch_level=0x06006112
[    1.951263] microcode: CPU1: patch_level=0x06006112
[    1.951277] microcode: CPU2: patch_level=0x06006112
[    1.951288] microcode: CPU3: patch_level=0x06006112
[    1.951345] microcode: Microcode Update Driver: v2.01 <tigran@aivazian.fsnet.co.uk>, Peter Oruba
[    1.951542] registered taskstats version 1
[    1.951544] Loading compiled-in X.509 certificates
[    1.955204] Loaded X.509 cert 'Build time autogenerated kernel key: 11830980df2f2fa776f682898a9aa4bc8fa87ddf'
[    1.955238] zswap: loaded using pool lzo/zbud
[    1.956524] input: AT Translated Set 2 keyboard as /devices/platform/i8042/serio0/input/input3
[    1.969010] Key type big_key registered
[    1.971421] Key type trusted registered
[    1.973925] Key type encrypted registered
[    1.973930] AppArmor: AppArmor sha1 policy hashing enabled
[    1.973933] ima: No TPM chip found, activating TPM-bypass!
[    1.973978] evm: HMAC attrs: 0x1
[    1.974426]   Magic number: 1:977:892
[    1.974726] rtc_cmos 00:03: setting system clock to 2017-09-27 15:51:43 UTC (1506527503)
[    1.974960] acpi_cpufreq: overriding BIOS provided _PSD data
[    1.975174] BIOS EDD facility v0.16 2004-Jun-25, 0 devices found
[    1.975175] EDD information not available.
[    1.975254] PM: Hibernation image not present or could not be loaded.
[    1.976838] Freeing unused kernel memory: 1564K
[    1.976841] Write protecting the kernel read-only data: 14336k
[    1.977714] Freeing unused kernel memory: 1524K
[    1.980462] Freeing unused kernel memory: 1216K
[    1.987841] x86/mm: Checked W+X mappings: passed, no W+X pages found.
[    2.186673] ACPI: Video Device [VGA] (multi-head: yes  rom: no  post: no)
[    2.186734] [Firmware Bug]: ACPI: No _BQC method, cannot determine initial brightness
[    2.187156] FUJITSU Extended Socket Network Device Driver - version 1.1 - Copyright (c) 2015 FUJITSU LIMITED
[    2.187163] acpi device:02: registered as cooling_device4
[    2.187272] input: Video Bus as /devices/LNXSYSTM:00/LNXSYBUS:00/PNP0A08:00/LNXVIDEO:00/input/input5
[    2.197332] wmi: Mapper loaded
[    2.199770] rtsx_pci 0000:01:00.0: enabling device (0000 -> 0002)
[    2.199973] rtsx_pci 0000:01:00.0: rtsx_pci_acquire_irq: pcr->msi_en = 1, pci->irq = 35
[    2.203431] [drm] Initialized
[    2.206671] r8169 Gigabit Ethernet driver 2.3LK-NAPI loaded
[    2.207279] r8169 0000:02:00.0 eth0: RTL8106e at 0xffffadbd81981000, 98:e7:f4:67:d6:ee, XID 04900000 IRQ 37
[    2.207840] ahci 0000:00:11.0: version 3.0
[    2.208230] ahci 0000:00:11.0: AHCI 0001.0300 32 slots 2 ports 6 Gbps 0x3 impl SATA mode
[    2.208233] ahci 0000:00:11.0: flags: 64bit ncq sntf ilck pm led clo pmp pio slum part 
[    2.208237] ahci 0000:00:11.0: both AHCI_HFLAG_MULTI_MSI flag set and custom irq handler implemented
[    2.217007] scsi host0: ahci
[    2.217380] scsi host1: ahci
[    2.217462] ata1: SATA max UDMA/133 abar m1024@0xff76d000 port 0xff76d100 irq 38
[    2.217464] ata2: SATA max UDMA/133 abar m1024@0xff76d000 port 0xff76d180 irq 39
[    2.229631] AVX2 version of gcm_enc/dec engaged.
[    2.229633] AES CTR mode by8 optimization enabled
[    2.257820] [drm] amdgpu kernel modesetting enabled.
[    2.266689] AMD IOMMUv2 driver by Joerg Roedel <jroedel@suse.de>
[    2.268036] usb 2-3: new full-speed USB device number 2 using xhci_hcd
[    2.268053] usb 1-1: new high-speed USB device number 2 using ehci-pci
[    2.269672] r8169 0000:02:00.0 eno1: renamed from eth0
[    2.271903] Found CRAT image with size=1440
[    2.271906] Parsing CRAT table with 1 nodes
[    2.271908] Found CU entry in CRAT table with proximity_domain=0 caps=0
[    2.271909] CU CPU: cores=4 id_base=16
[    2.271910] Found CU entry in CRAT table with proximity_domain=0 caps=0
[    2.271911] CU GPU: simds=40 id_base=-2147483648
[    2.271912] Found memory entry in CRAT table with proximity_domain=0
[    2.271913] Found memory entry in CRAT table with proximity_domain=0
[    2.271914] Found memory entry in CRAT table with proximity_domain=0
[    2.271914] Found memory entry in CRAT table with proximity_domain=0
[    2.271915] Found cache entry in CRAT table with processor_id=16
[    2.271916] Found cache entry in CRAT table with processor_id=16
[    2.271917] Found cache entry in CRAT table with processor_id=16
[    2.271918] Found cache entry in CRAT table with processor_id=17
[    2.271919] Found cache entry in CRAT table with processor_id=18
[    2.271919] Found cache entry in CRAT table with processor_id=18
[    2.271920] Found cache entry in CRAT table with processor_id=18
[    2.271920] Found cache entry in CRAT table with processor_id=19
[    2.271921] Found TLB entry in CRAT table (not processing)
[    2.271921] Found TLB entry in CRAT table (not processing)
[    2.271922] Found TLB entry in CRAT table (not processing)
[    2.271922] Found TLB entry in CRAT table (not processing)
[    2.271923] Found TLB entry in CRAT table (not processing)
[    2.271924] Found TLB entry in CRAT table (not processing)
[    2.271924] Found TLB entry in CRAT table (not processing)
[    2.271925] Found TLB entry in CRAT table (not processing)
[    2.271925] Found TLB entry in CRAT table (not processing)
[    2.271926] Found TLB entry in CRAT table (not processing)
[    2.271927] Creating topology SYSFS entries
[    2.271961] Finished initializing topology ret=0
[    2.271985] kfd kfd: Initialized module
[    2.272677] [drm] initializing kernel modesetting (CARRIZO 0x1002:0x9874 0x103C:0x8246 0xC5).
[    2.272682] amdgpu 0000:00:01.0: VM size (-1) must be a power of 2
[    2.272701] [drm] register mmio base: 0xFF700000
[    2.272702] [drm] register mmio size: 262144
[    2.272971] [drm] UVD is enabled in physical mode
[    2.272974] [drm] VCE enabled in physical mode
[    2.288175] [drm] BIOS signature incorrect 1e 0
[    2.288234] ATOM BIOS: BR46326.001
[    2.288245] [drm] GPU post is not needed
[    2.288280] [drm] vm size is 64 GB, block size is 13-bit
[    2.288287] amdgpu 0000:00:01.0: VRAM: 512M 0x0000000000000000 - 0x000000001FFFFFFF (512M used)
[    2.288289] amdgpu 0000:00:01.0: GTT: 3072M 0x0000000020000000 - 0x00000000DFFFFFFF
[    2.288296] [drm] Detected VRAM RAM=512M, BAR=512M
[    2.288297] [drm] RAM width 128bits UNKNOWN
[    2.288406] [TTM] Zone  kernel: Available graphics memory: 7965762 kiB
[    2.288407] [TTM] Zone   dma32: Available graphics memory: 2097152 kiB
[    2.288408] [TTM] Initializing pool allocator
[    2.288414] [TTM] Initializing DMA pool allocator
[    2.288448] [drm] amdgpu: 512M of VRAM memory ready
[    2.288450] [drm] amdgpu: 3072M of GTT memory ready.
[    2.288464] [drm] GART: num cpu pages 786432, num gpu pages 786432
[    2.289623] [drm] PCIE GART of 3072M enabled (table at 0x0000000000040000).
[    2.289693] amdgpu 0000:00:01.0: amdgpu: using MSI.
[    2.289714] [drm] amdgpu: irq initialized.
[    2.289726] amdgpu: [powerplay] amdgpu: powerplay sw initialized
[    2.290321] amdgpu 0000:00:01.0: fence driver on ring 0 use gpu addr 0x0000000020000010, cpu addr 0xffff9c7ae2e1b010
[    2.290391] amdgpu 0000:00:01.0: fence driver on ring 1 use gpu addr 0x0000000020000020, cpu addr 0xffff9c7ae2e1b020
[    2.290445] amdgpu 0000:00:01.0: fence driver on ring 2 use gpu addr 0x0000000020000030, cpu addr 0xffff9c7ae2e1b030
[    2.290499] amdgpu 0000:00:01.0: fence driver on ring 3 use gpu addr 0x0000000020000040, cpu addr 0xffff9c7ae2e1b040
[    2.290557] amdgpu 0000:00:01.0: fence driver on ring 4 use gpu addr 0x0000000020000050, cpu addr 0xffff9c7ae2e1b050
[    2.290609] amdgpu 0000:00:01.0: fence driver on ring 5 use gpu addr 0x0000000020000060, cpu addr 0xffff9c7ae2e1b060
[    2.290658] amdgpu 0000:00:01.0: fence driver on ring 6 use gpu addr 0x0000000020000070, cpu addr 0xffff9c7ae2e1b070
[    2.290707] amdgpu 0000:00:01.0: fence driver on ring 7 use gpu addr 0x0000000020000080, cpu addr 0xffff9c7ae2e1b080
[    2.290754] amdgpu 0000:00:01.0: fence driver on ring 8 use gpu addr 0x0000000020000090, cpu addr 0xffff9c7ae2e1b090
[    2.290774] amdgpu 0000:00:01.0: fence driver on ring 9 use gpu addr 0x00000000200000a4, cpu addr 0xffff9c7ae2e1b0a4
[    2.290910] amdgpu 0000:00:01.0: fence driver on ring 10 use gpu addr 0x00000000200000b4, cpu addr 0xffff9c7ae2e1b0b4
[    2.290960] amdgpu 0000:00:01.0: fence driver on ring 11 use gpu addr 0x00000000200000c4, cpu addr 0xffff9c7ae2e1b0c4
[    2.291106] [drm] Found UVD firmware Version: 1.87 Family ID: 11
[    2.291850] amdgpu 0000:00:01.0: fence driver on ring 12 use gpu addr 0x00000000006946e0, cpu addr 0xffffadbd828416e0
[    2.291980] [drm] Found VCE firmware Version: 52.4 Binary ID: 3
[    2.292139] amdgpu 0000:00:01.0: fence driver on ring 13 use gpu addr 0x00000000200000e4, cpu addr 0xffff9c7ae2e1b0e4
[    2.292195] amdgpu 0000:00:01.0: fence driver on ring 14 use gpu addr 0x00000000200000f4, cpu addr 0xffff9c7ae2e1b0f4
[    2.295269] [drm] DAL is enabled
[    2.295502] [drm] DM_PPLIB: values for Engine clock
[    2.295504] [drm] DM_PPLIB:	 30000
[    2.295504] [drm] DM_PPLIB:	 36000
[    2.295505] [drm] DM_PPLIB:	 42353
[    2.295506] [drm] DM_PPLIB:	 51429
[    2.295506] [drm] DM_PPLIB:	 62609
[    2.295507] [drm] DM_PPLIB:	 72000
[    2.295508] [drm] DM_PPLIB: Validation clocks:
[    2.295508] [drm] DM_PPLIB:    engine_max_clock: 72000
[    2.295509] [drm] DM_PPLIB:    memory_max_clock: 80000
[    2.295510] [drm] DM_PPLIB:    level           : 0
[    2.295512] [drm] DM_PPLIB: values for Display clock
[    2.295512] [drm] DM_PPLIB:	 30000
[    2.295513] [drm] DM_PPLIB:	 40000
[    2.295513] [drm] DM_PPLIB:	 49656
[    2.295514] [drm] DM_PPLIB:	 62609
[    2.295515] [drm] DM_PPLIB:	 68572
[    2.295515] [drm] DM_PPLIB:	 75790
[    2.295516] [drm] DM_PPLIB: Validation clocks:
[    2.295516] [drm] DM_PPLIB:    engine_max_clock: 72000
[    2.295517] [drm] DM_PPLIB:    memory_max_clock: 80000
[    2.295517] [drm] DM_PPLIB:    level           : 0
[    2.295519] [drm] DM_PPLIB: values for Memory clock
[    2.295519] [drm] DM_PPLIB:	 33300
[    2.295520] [drm] DM_PPLIB:	 80000
[    2.295520] [drm] DM_PPLIB: Validation clocks:
[    2.295521] [drm] DM_PPLIB:    engine_max_clock: 72000
[    2.295522] [drm] DM_PPLIB:    memory_max_clock: 80000
[    2.295522] [drm] DM_PPLIB:    level           : 0
[    2.295525] [drm] DC: create_links: connectors_num: physical:3, virtual:0
[    2.295531] [drm] Connector[0] description:signal 128
[    2.295536] [drm] Using channel: CHANNEL_ID_DDC1 [1]
[    2.295539] [drm] Connector[1] description:signal 4
[    2.295541] [drm] Using channel: CHANNEL_ID_DDC2 [2]
[    2.295695] [drm:construct [amdgpu]] *ERROR* construct: Invalid Connector ObjectID from Adapter Service for connector index:2!
[    2.295792] [drm:dc_create [amdgpu]] *ERROR* DC: failed to create link!
[    2.295989] [drm] dce110_link_encoder_edp_power_control: Skipping Panel Power action: On
[    2.417039] usb 1-1: New USB device found, idVendor=0438, idProduct=7900
[    2.417041] usb 1-1: New USB device strings: Mfr=0, Product=0, SerialNumber=0
[    2.418625] hub 1-1:1.0: USB hub found
[    2.419767] hub 1-1:1.0: 4 ports detected
[    2.434421] usb 2-3: New USB device found, idVendor=045e, idProduct=0745
[    2.434425] usb 2-3: New USB device strings: Mfr=1, Product=2, SerialNumber=0
[    2.434427] usb 2-3: Product: Microsoft 2.4GHz Transceiver v8.0
[    2.434428] usb 2-3: Manufacturer: Microsoft
[    2.443798] hidraw: raw HID events driver (C) Jiri Kosina
[    2.471568] usbcore: registered new interface driver usbhid
[    2.471570] usbhid: USB HID core driver
[    2.473856] input: Microsoft Microsoft 2.4GHz Transceiver v8.0 as /devices/pci0000:00/0000:00:10.0/usb2/2-3/2-3:1.0/0003:045E:0745.0001/input/input7
[    2.532779] hid-generic 0003:045E:0745.0001: input,hidraw0: USB HID v1.11 Keyboard [Microsoft Microsoft 2.4GHz Transceiver v8.0] on usb-0000:00:10.0-3/input0
[    2.532824] ata2: SATA link down (SStatus 0 SControl 300)
[    2.533288] input: Microsoft Microsoft 2.4GHz Transceiver v8.0 as /devices/pci0000:00/0000:00:10.0/usb2/2-3/2-3:1.1/0003:045E:0745.0002/input/input8
[    2.593235] hid-generic 0003:045E:0745.0002: input,hidraw1: USB HID v1.11 Mouse [Microsoft Microsoft 2.4GHz Transceiver v8.0] on usb-0000:00:10.0-3/input1
[    2.623250] random: fast init done
[    2.635504] input: Microsoft Microsoft 2.4GHz Transceiver v8.0 as /devices/pci0000:00/0000:00:10.0/usb2/2-3/2-3:1.2/0003:045E:0745.0003/input/input9
[    2.688172] ata1: SATA link up 6.0 Gbps (SStatus 133 SControl 300)
[    2.688954] ata1.00: ATA-9: WDC WD10JPVX-60JC3T0, 01.01A01, max UDMA/133
[    2.688956] ata1.00: 1953525168 sectors, multi 16: LBA48 NCQ (depth 31/32), AA
[    2.689645] ata1.00: configured for UDMA/133
[    2.690129] scsi 0:0:0:0: Direct-Access     ATA      WDC WD10JPVX-60J 1A01 PQ: 0 ANSI: 5
[    2.692764] hid-generic 0003:045E:0745.0003: input,hiddev0,hidraw2: USB HID v1.11 Device [Microsoft Microsoft 2.4GHz Transceiver v8.0] on usb-0000:00:10.0-3/input2
[    2.712199] usb 1-1.3: new high-speed USB device number 3 using ehci-pci
[    2.724607] sd 0:0:0:0: [sda] 1953525168 512-byte logical blocks: (1.00 TB/932 GiB)
[    2.724610] sd 0:0:0:0: [sda] 4096-byte physical blocks
[    2.724628] sd 0:0:0:0: Attached scsi generic sg0 type 0
[    2.724751] sd 0:0:0:0: [sda] Write Protect is off
[    2.724754] sd 0:0:0:0: [sda] Mode Sense: 00 3a 00 00
[    2.724799] sd 0:0:0:0: [sda] Write cache: enabled, read cache: enabled, doesn't support DPO or FUA
[    2.817530]  sda: sda1 sda2 sda3
[    2.818370] sd 0:0:0:0: [sda] Attached SCSI disk
[    2.829433] usb 1-1.3: New USB device found, idVendor=1bcf, idProduct=2c87
[    2.829437] usb 1-1.3: New USB device strings: Mfr=1, Product=2, SerialNumber=0
[    2.829439] usb 1-1.3: Product: HP Wide Vision HD
[    2.829440] usb 1-1.3: Manufacturer: DFKAR019I41S6Y
[    2.908267] usb 1-1.4: new full-speed USB device number 4 using ehci-pci
[    2.970010] psmouse serio1: synaptics: queried max coordinates: x [..5656], y [..4712]
[    3.002003] psmouse serio1: synaptics: queried min coordinates: x [1326..], y [1200..]
[    3.019662] usb 1-1.4: New USB device found, idVendor=0bda, idProduct=b008
[    3.019665] usb 1-1.4: New USB device strings: Mfr=1, Product=2, SerialNumber=3
[    3.019667] usb 1-1.4: Product: Bluetooth Radio 
[    3.019668] usb 1-1.4: Manufacturer: Realtek 
[    3.019669] usb 1-1.4: SerialNumber: 00e04c000001
[    3.064585] psmouse serio1: synaptics: Touchpad model: 1, fw: 8.1, id: 0x1e2b1, caps: 0xd00123/0x840300/0x12e800/0x0, board id: 2997, fw id: 1665536
[    3.105264] input: SynPS/2 Synaptics TouchPad as /devices/platform/i8042/serio1/input/input6
[    3.532280] [drm:hwss_wait_for_blank_complete [amdgpu]] *ERROR* DC: failed to blank crtc!
[    3.532312] [drm] Display Core initialized
[    3.532317] [drm] amdgpu: freesync_module init done ffff9c7aecae8080.
[    3.533603] [drm] DM: Registered Backlight device: amdgpu_bl0
[    3.534540] [drm] [Detect]	[eDP][ConnIdx:0] Rx Caps: 11 0A 81 41 00 00 01 00 02 02 06 00 00 0B 00 ^
[    3.535061] [drm] dce110_link_encoder_edp_backlight_control: backlight action: Off
[    3.535455] [drm] dce110_link_encoder_edp_power_control: Skipping Panel Power action: On
[    3.535464] [drm] dce110_link_encoder_edp_backlight_control: backlight action: On
[    3.538378] [drm] [LKTN]	[eDP][ConnIdx:0] HBRx1 pass VS=0, PE=0^
[    3.538552] [drm] dce110_link_encoder_edp_backlight_control: backlight action: Off
[    3.780138] [drm] SADs count is: -2, don't need to read it
[    3.780158] [drm] [Detect]	[eDP][ConnIdx:0] : [Block 0] 00 FF FF FF FF FF FF 00 09 E5 96 06 00 00 00 00 01 19 01 04 95 1F 11 78 0A 24 10 97 59 54 8E 27 1E 50 54 00 00 00 01 01 01 01 01 01 01 01 01 01 01 01 01 01 01 01 64 1B 56 84 50 00 0C 30 30 20 44 00 35 AD 10 00 00 1A 3E 12 56 84 50 00 0C 30 30 20 44 00 35 AD 10 00 00 1A 00 00 00 00 00 00 00 00 00 00 00 00 00 00 00 00 00 00 00 00 00 02 00 0C 46 F9 0B 3C 6E 0B 0F 19 70 00 00 00 00 97 ^
[    3.780161] [drm] dc_link_detect: manufacturer_id = E509, product_id = 696, serial_number = 0, manufacture_week = 1, manufacture_year = 25, display_name = , speaker_flag = 0, audio_mode_count = 0
[    3.780163] [drm] link=0, dc_sink_in=ffff9c7ae3330c00 is now Connected
[    3.780165] [drm] DCHPD: connector_id=0: Old sink=          (null) New sink=ffff9c7ae3330c00
[    3.806417] [drm] [Detect]	[HDMIA][ConnIdx:1] LG TV: [Block 0] 00 FF FF FF FF FF FF 00 1E 6D 01 00 01 01 01 01 01 1A 01 03 80 A0 5A 78 0A EE 91 A3 54 4C 99 26 0F 50 54 A1 08 00 31 40 45 40 61 40 71 40 01 01 01 01 01 01 01 01 66 21 50 B0 51 00 1B 30 40 70 36 00 40 84 63 00 00 1E 64 19 00 40 41 00 26 30 18 88 36 00 40 84 63 00 00 1E 00 00 00 FD 00 3A 3E 1E 53 10 00 0A 20 20 20 20 20 20 00 00 00 FC 00 4C 47 20 54 56 0A 20 20 20 20 20 20 20 01 6D ^
[    3.806429] [drm] [Detect]	[HDMIA][ConnIdx:1] LG TV: [Block 1] 02 03 1C F1 48 10 22 20 05 84 03 02 01 26 15 07 50 09 57 07 67 03 0C 00 20 00 80 1E 02 3A 80 18 71 38 2D 40 58 2C 04 05 40 84 63 00 00 1E 01 1D 80 18 71 1C 16 20 58 2C 25 00 40 84 63 00 00 9E 01 1D 00 72 51 D0 1E 20 6E 28 55 00 40 84 63 00 00 1E 8C 0A D0 8A 20 E0 2D 10 10 3E 96 00 40 84 63 00 00 18 00 00 00 00 00 00 00 00 00 00 00 00 00 00 00 00 00 00 00 00 00 00 00 00 00 00 00 86 ^
[    3.806431] [drm] dc_link_detect: manufacturer_id = 6D1E, product_id = 1, serial_number = 1010101, manufacture_week = 1, manufacture_year = 26, display_name = LG TV, speaker_flag = 5, audio_mode_count = 2
[    3.806433] [drm] dc_link_detect: mode number = 0, format_code = 2, channel_count = 5, sample_rate = 7, sample_size = 80
[    3.806434] [drm] dc_link_detect: mode number = 1, format_code = 1, channel_count = 1, sample_rate = 87, sample_size = 7
[    3.806435] [drm] link=1, dc_sink_in=ffff9c7ae3333800 is now Connected
[    3.806436] [drm] DCHPD: connector_id=1: Old sink=          (null) New sink=ffff9c7ae3333800
[    3.806446] [drm] Supports vblank timestamp caching Rev 2 (21.10.2013).
[    3.806446] [drm] Driver supports precise vblank timestamp query.
[    3.806447] [drm] KMS initialized.
[    3.807852] [drm] ring test on 0 succeeded in 12 usecs
[    3.808153] [drm] ring test on 9 succeeded in 10 usecs
[    3.808169] [drm] ring test on 1 succeeded in 7 usecs
[    3.808209] [drm] ring test on 2 succeeded in 19 usecs
[    3.808236] [drm] ring test on 3 succeeded in 13 usecs
[    3.808264] [drm] ring test on 4 succeeded in 13 usecs
[    3.808291] [drm] ring test on 5 succeeded in 13 usecs
[    3.808319] [drm] ring test on 6 succeeded in 13 usecs
[    3.808347] [drm] ring test on 7 succeeded in 13 usecs
[    3.808374] [drm] ring test on 8 succeeded in 13 usecs
[    3.808418] [drm] ring test on 10 succeeded in 3 usecs
[    3.808423] [drm] ring test on 11 succeeded in 3 usecs
[    4.830061] [drm] ring test on 12 succeeded in 1 usecs
[    4.830242] [drm] UVD initialized successfully.
[    5.029240] [drm] ring test on 13 succeeded in 9 usecs
[    5.029247] [drm] ring test on 14 succeeded in 2 usecs
[    5.029247] [drm] VCE initialized successfully.
[    5.029571] [drm] ib test on ring 0 succeeded
[    5.029649] [drm] ib test on ring 1 succeeded
[    5.029681] [drm] ib test on ring 2 succeeded
[    5.029708] [drm] ib test on ring 3 succeeded
[    5.029732] [drm] ib test on ring 4 succeeded
[    5.029756] [drm] ib test on ring 5 succeeded
[    5.029775] [drm] ib test on ring 6 succeeded
[    5.029797] [drm] ib test on ring 7 succeeded
[    5.029820] [drm] ib test on ring 8 succeeded
[    5.029842] [drm] ib test on ring 9 succeeded
[    5.029859] [drm] ib test on ring 10 succeeded
[    5.029876] [drm] ib test on ring 11 succeeded
[    5.030627] [drm] ib test on ring 12 succeeded
[    5.030722] [drm] ib test on ring 13 succeeded
[    5.035722] [drm] fb mappable at 0x3FFA17000
[    5.035724] [drm] vram apper at 0x3FF000000
[    5.035725] [drm] size 4325376
[    5.035727] [drm] fb depth is 24
[    5.035727] [drm]    pitch is 5632
[    5.035867] fbcon: amdgpudrmfb (fb0) is primary device
[    5.036513] [drm] Atomic commit: SET crtc id 0: [ffff9c7ae3f18000]
[    5.036529] [drm] Atomic commit: SET crtc id 1: [ffff9c7ae3f19000]
[    5.036533] [drm] dc_commit_streams: 2 streams
[    5.036536] [drm] core_stream 0xe322fc00: src: 0, 0, 1366, 768; dst: 0, 0, 1366, 768, colorSpace:1
[    5.036538] [drm] 	pix_clk_khz: 70120, h_total: 1498, v_total: 780, pixelencoder:1, displaycolorDepth:1
[    5.036539] [drm] 	sink name: , serial: 0
[    5.036540] [drm] 	link: 0
[    5.036542] [drm] core_stream 0xe322d000: src: 0, 0, 1360, 768; dst: 0, 0, 1360, 768, colorSpace:4
[    5.036543] [drm] 	pix_clk_khz: 85500, h_total: 1792, v_total: 795, pixelencoder:3, displaycolorDepth:2
[    5.036544] [drm] 	sink name: LG TV, serial: 16843009
[    5.036545] [drm] 	link: 1
[    5.042319] [drm] dce110_link_encoder_edp_power_control: Skipping Panel Power action: On
[    5.042331] [drm] dce110_link_encoder_edp_backlight_control: backlight action: On
[    5.044613] [drm] Link: 0 eDP panel mode supported: 1 eDP panel mode enabled: 1 
[    5.046787] [drm] [LKTN]	[eDP][ConnIdx:0] HBRx1 pass VS=0, PE=0^
[    5.061386] [drm] [Mode]	[eDP][ConnIdx:0] {1366x768, 1498x780@70120Khz}^
[    5.061389] [drm] [Mode]	[HDMIA][ConnIdx:1] {1360x768, 1792x795@85500Khz}^
[    5.075778] Console: switching to colour frame buffer device 170x48
[    5.079760] amdgpu 0000:00:01.0: fb0: amdgpudrmfb frame buffer device
[    5.096364] kfd kfd: Allocated 3944480 bytes on gart for device(1002:9874)
[    5.096379] amdkfd: adding doorbell packet type capability
[    5.096506] kfd kfd: added device (1002:9874)
[    5.096510] [drm] Initialized amdgpu 3.16.0 20150101 for 0000:00:01.0 on minor 0
[    9.328276] random: crng init done
[   12.438999] NET: Registered protocol family 38
[   14.180048] raid6: sse2x1   gen()  5516 MB/s
[   14.248040] raid6: sse2x1   xor()  4420 MB/s
[   14.316040] raid6: sse2x2   gen()  8020 MB/s
[   14.384041] raid6: sse2x2   xor()  5881 MB/s
[   14.452038] raid6: sse2x4   gen()  9430 MB/s
[   14.520040] raid6: sse2x4   xor()  4050 MB/s
[   14.588037] raid6: avx2x1   gen()  8963 MB/s
[   14.656036] raid6: avx2x2   gen() 10625 MB/s
[   14.724043] raid6: avx2x4   gen() 12270 MB/s
[   14.724044] raid6: using algorithm avx2x4 gen() 12270 MB/s
[   14.724046] raid6: using avx2x2 recovery algorithm
[   14.725463] xor: automatically using best checksumming function   avx       
[   14.740306] Btrfs loaded, crc32c=crc32c-intel
[   16.569876] EXT4-fs (dm-1): mounted filesystem with ordered data mode. Opts: (null)
[   18.555751] ip_tables: (C) 2000-2006 Netfilter Core Team
[   18.715628] systemd[1]: systemd 234 running in system mode. (+PAM +AUDIT +SELINUX +IMA +APPARMOR +SMACK +SYSVINIT +UTMP +LIBCRYPTSETUP +GCRYPT +GNUTLS +ACL +XZ +LZ4 +SECCOMP +BLKID +ELFUTILS +KMOD -IDN2 +IDN default-hierarchy=hybrid)
[   18.715910] systemd[1]: Detected architecture x86-64.
[   18.726189] systemd[1]: Set hostname to <ubuntu>.
[   21.197359] systemd[1]: Unnecessary job for dev-mapper-sdc3_crypt.device was removed.
[   21.197822] systemd[1]: Listening on udev Kernel Socket.
[   21.198054] systemd[1]: Listening on Network Service Netlink Socket.
[   21.198109] systemd[1]: Listening on udev Control Socket.
[   21.198136] systemd[1]: Listening on fsck to fsckd communication Socket.
[   21.198177] systemd[1]: Listening on LVM2 poll daemon socket.
[   21.198214] systemd[1]: Listening on Device-mapper event daemon FIFOs.
[   21.847742] lp: driver loaded but no devices found
[   21.947723] ppdev: user-space parallel port driver
[   24.566710] EXT4-fs (dm-1): re-mounted. Opts: errors=remount-ro
[   24.669240] systemd-journald[436]: Received request to flush runtime journal from PID 1
[   24.993225] Initializing HPQ6001 module
[   24.993340] input: HP Wireless hotkeys as /devices/virtual/input/input10
[   25.062211] tpm_crb MSFT0101:00: can't request region for resource [mem 0xddb95000-0xddb95fff]
[   25.062220] tpm_crb: probe of MSFT0101:00 failed with error -16
[   25.237303] hp_accel: laptop model unknown, using default axes configuration
[   25.253077] lis3lv02d: 8 bits 3DC sensor found
[   25.280276] input: ST LIS3LV02DL Accelerometer as /devices/platform/lis3lv02d/input/input11
[   25.461825] piix4_smbus 0000:00:14.0: SMBus Host Controller at 0xb00, revision 0
[   25.461828] piix4_smbus 0000:00:14.0: Using register 0x2e for SMBus port selection
[   25.467045] shpchp: Standard Hot Plug PCI Controller Driver version: 0.4
[   25.933584] [drm] New Backlight level: 255 (0xFF)
[   25.933588] [drm] New Backlight level: 255 (0xFF)
[   26.181035] rtl8723be 0000:03:00.0: enabling device (0000 -> 0003)
[   26.195350] rtl8723be: Using firmware rtlwifi/rtl8723befw.bin
[   26.401633] kvm: Nested Virtualization enabled
[   26.401637] kvm: Nested Paging enabled
[   26.410105] snd_hda_intel 0000:00:01.1: Force to non-snoop mode
[   26.410380] snd_hda_intel 0000:00:09.2: enabling device (0004 -> 0006)
[   26.463876] input: HDA ATI HDMI HDMI/DP,pcm=3 as /devices/pci0000:00/0000:00:01.1/sound/card0/input12
[   26.512406] EDAC MC: Ver: 3.0.0
[   26.518901] snd_hda_codec_realtek hdaudioC1D0: autoconfig for ALC295: line_outs=1 (0x14/0x0/0x0/0x0/0x0) type:speaker
[   26.518905] snd_hda_codec_realtek hdaudioC1D0:    speaker_outs=0 (0x0/0x0/0x0/0x0/0x0)
[   26.518906] snd_hda_codec_realtek hdaudioC1D0:    hp_outs=1 (0x21/0x0/0x0/0x0/0x0)
[   26.518908] snd_hda_codec_realtek hdaudioC1D0:    mono: mono_out=0x0
[   26.518909] snd_hda_codec_realtek hdaudioC1D0:    inputs:
[   26.518911] snd_hda_codec_realtek hdaudioC1D0:      Mic=0x19
[   26.518913] snd_hda_codec_realtek hdaudioC1D0:      Internal Mic=0x12
[   26.527673] input: HD-Audio Generic Mic as /devices/pci0000:00/0000:00:09.2/sound/card1/input13
[   26.527773] input: HD-Audio Generic Headphone as /devices/pci0000:00/0000:00:09.2/sound/card1/input14
[   26.540448] MCE: In-kernel MCE decoding enabled.
[   26.619681] ieee80211 phy0: Selected rate control algorithm 'rtl_rc'
[   26.620104] rtlwifi: rtlwifi: wireless switch is on
[   26.684228] EDAC amd64: DRAM ECC disabled.
[   26.684243] EDAC amd64: ECC disabled in the BIOS or no ECC capability, module will not load.
                Either enable ECC checking or force module loading by setting 'ecc_enable_override'.
                (Note that use of the override may cause unknown side effects.)
[   26.729098] EDAC amd64: DRAM ECC disabled.
[   26.729110] EDAC amd64: ECC disabled in the BIOS or no ECC capability, module will not load.
                Either enable ECC checking or force module loading by setting 'ecc_enable_override'.
                (Note that use of the override may cause unknown side effects.)
[   26.731954] media: Linux media interface: v0.10
[   26.731997] Bluetooth: Core ver 2.22
[   26.732087] NET: Registered protocol family 31
[   26.732089] Bluetooth: HCI device and connection manager initialized
[   26.732096] Bluetooth: HCI socket layer initialized
[   26.732101] Bluetooth: L2CAP socket layer initialized
[   26.732111] Bluetooth: SCO socket layer initialized
[   26.914065] Linux video capture interface: v2.00
[   27.065492] usbcore: registered new interface driver btusb
[   27.066977] Bluetooth: hci0: rtl: examining hci_ver=06 hci_rev=000b lmp_ver=06 lmp_subver=8723
[   27.066981] Bluetooth: hci0: rtl: loading rtl_bt/rtl8723b_config.bin
[   27.133470] bluetooth hci0: Direct firmware load for rtl_bt/rtl8723b_config.bin failed with error -2
[   27.133476] Bluetooth: hci0: Failed to load rtl_bt/rtl8723b_config.bin
[   27.133480] Bluetooth: hci0: rtl: loading rtl_bt/rtl8723b_fw.bin
[   27.210262] Bluetooth: hci0: rom_version status=0 version=1
[   27.210289] Bluetooth: cfg_sz 0, total size 22496
[   27.291930] uvcvideo: Found UVC 1.00 device HP Wide Vision HD (1bcf:2c87)
[   27.300173] uvcvideo 1-1.3:1.0: Entity type for entity Extension 4 was not initialized!
[   27.300181] uvcvideo 1-1.3:1.0: Entity type for entity Extension 3 was not initialized!
[   27.300184] uvcvideo 1-1.3:1.0: Entity type for entity Processing 2 was not initialized!
[   27.300185] uvcvideo 1-1.3:1.0: Entity type for entity Camera 1 was not initialized!
[   27.300313] input: HP Wide Vision HD as /devices/pci0000:00/0000:00:12.0/usb1/1-1/1-1.3/1-1.3:1.0/input/input15
[   27.300448] usbcore: registered new interface driver uvcvideo
[   27.300449] USB Video Class driver (1.1.1)
[   28.335425] rtl8723be 0000:03:00.0 wlo1: renamed from wlan0
[   28.391974] ACPI Error: Field [D128] at 1152 exceeds Buffer [NULL] size 160 (bits) (20160831/dsopcode-236)
[   28.391985] ACPI Error: Method parse/execution failed [\HWMC] (Node ffff9c7aee8b4848), AE_AML_BUFFER_LIMIT (20160831/psparse-543)
[   28.391996] ACPI Error: Method parse/execution failed [\_SB.WMID.WMAA] (Node ffff9c7aee8b6c58), AE_AML_BUFFER_LIMIT (20160831/psparse-543)
[   28.392078] ACPI Error: Field [D128] at 1152 exceeds Buffer [NULL] size 160 (bits) (20160831/dsopcode-236)
[   28.392084] ACPI Error: Method parse/execution failed [\HWMC] (Node ffff9c7aee8b4848), AE_AML_BUFFER_LIMIT (20160831/psparse-543)
[   28.392093] ACPI Error: Method parse/execution failed [\_SB.WMID.WMAA] (Node ffff9c7aee8b6c58), AE_AML_BUFFER_LIMIT (20160831/psparse-543)
[   28.392142] ACPI Error: Field [D128] at 1152 exceeds Buffer [NULL] size 160 (bits) (20160831/dsopcode-236)
[   28.392147] ACPI Error: Method parse/execution failed [\HWMC] (Node ffff9c7aee8b4848), AE_AML_BUFFER_LIMIT (20160831/psparse-543)
[   28.392155] ACPI Error: Method parse/execution failed [\_SB.WMID.WMAA] (Node ffff9c7aee8b6c58), AE_AML_BUFFER_LIMIT (20160831/psparse-543)
[   28.392267] input: HP WMI hotkeys as /devices/virtual/input/input16
[   28.393237] ACPI Error: Field [D128] at 1152 exceeds Buffer [NULL] size 160 (bits) (20160831/dsopcode-236)
[   28.393248] ACPI Error: Method parse/execution failed [\HWMC] (Node ffff9c7aee8b4848), AE_AML_BUFFER_LIMIT (20160831/psparse-543)
[   28.393260] ACPI Error: Method parse/execution failed [\_SB.WMID.WMAA] (Node ffff9c7aee8b6c58), AE_AML_BUFFER_LIMIT (20160831/psparse-543)
[   28.393366] ACPI Error: Field [D128] at 1152 exceeds Buffer [NULL] size 160 (bits) (20160831/dsopcode-236)
[   28.393371] ACPI Error: Method parse/execution failed [\HWMC] (Node ffff9c7aee8b4848), AE_AML_BUFFER_LIMIT (20160831/psparse-543)
[   28.393379] ACPI Error: Method parse/execution failed [\_SB.WMID.WMAA] (Node ffff9c7aee8b6c58), AE_AML_BUFFER_LIMIT (20160831/psparse-543)
[   31.363735] Adding 16199676k swap on /dev/mapper/ubuntu--vg-swap_1.  Priority:-1 extents:1 across:16199676k FS
[   32.163942] EXT4-fs (sda2): mounted filesystem with ordered data mode. Opts: (null)
[   34.842067] audit: type=1400 audit(1506527536.364:2): apparmor="STATUS" operation="profile_load" name="url-dispatcher-bad-url-helper" pid=900 comm="apparmor_parser"
[   34.863275] audit: type=1400 audit(1506527536.384:3): apparmor="STATUS" operation="profile_load" name="ubuntu-printing-app" pid=907 comm="apparmor_parser"
[   34.868139] audit: type=1400 audit(1506527536.392:4): apparmor="STATUS" operation="profile_load" name="unity8-dash" pid=909 comm="apparmor_parser"
[   34.936679] audit: type=1400 audit(1506527536.460:5): apparmor="STATUS" operation="profile_load" name="libreoffice-oopslash" pid=913 comm="apparmor_parser"
[   34.985639] audit: type=1400 audit(1506527536.508:6): apparmor="STATUS" operation="profile_load" name="libreoffice-senddoc" pid=915 comm="apparmor_parser"
[   35.125607] audit: type=1400 audit(1506527536.648:7): apparmor="STATUS" operation="profile_load" name="/sbin/dhclient" pid=902 comm="apparmor_parser"
[   35.125839] audit: type=1400 audit(1506527536.648:8): apparmor="STATUS" operation="profile_load" name="/usr/lib/NetworkManager/nm-dhcp-client.action" pid=902 comm="apparmor_parser"
[   35.126005] audit: type=1400 audit(1506527536.648:9): apparmor="STATUS" operation="profile_load" name="/usr/lib/NetworkManager/nm-dhcp-helper" pid=902 comm="apparmor_parser"
[   35.126162] audit: type=1400 audit(1506527536.648:10): apparmor="STATUS" operation="profile_load" name="/usr/lib/connman/scripts/dhclient-script" pid=902 comm="apparmor_parser"
[   35.135530] audit: type=1400 audit(1506527536.656:11): apparmor="STATUS" operation="profile_load" name="/usr/lib/lightdm/lightdm-guest-session" pid=901 comm="apparmor_parser"
[   44.167467] Bluetooth: BNEP (Ethernet Emulation) ver 1.3
[   44.167469] Bluetooth: BNEP filters: protocol multicast
[   44.167477] Bluetooth: BNEP socket layer initialized
[   48.105840] IPv6: ADDRCONF(NETDEV_UP): eno1: link is not ready
[   48.393317] r8169 0000:02:00.0 eno1: link down
[   48.393457] IPv6: ADDRCONF(NETDEV_UP): eno1: link is not ready
[   48.403392] IPv6: ADDRCONF(NETDEV_UP): wlo1: link is not ready
[   48.968140] IPv6: ADDRCONF(NETDEV_UP): wlo1: link is not ready
[   49.976853] IPv6: ADDRCONF(NETDEV_UP): wlo1: link is not ready
[   68.668905] Bluetooth: RFCOMM TTY layer initialized
[   68.668917] Bluetooth: RFCOMM socket layer initialized
[   68.668934] Bluetooth: RFCOMM ver 1.11
[  250.241618] wlo1: authenticate with 14:91:82:29:4c:dd
[  250.264982] wlo1: send auth to 14:91:82:29:4c:dd (try 1/3)
[  250.268110] wlo1: authenticated
[  250.272292] wlo1: associate with 14:91:82:29:4c:dd (try 1/3)
[  250.277509] wlo1: RX AssocResp from 14:91:82:29:4c:dd (capab=0x1411 status=0 aid=1)
[  250.279826] wlo1: associated
[  250.279851] IPv6: ADDRCONF(NETDEV_CHANGE): wlo1: link becomes ready
[  258.687890] r8169 0000:02:00.0 eno1: link up
[  258.687920] IPv6: ADDRCONF(NETDEV_CHANGE): eno1: link becomes ready
[  321.520964] hp_wmi: Unknown event_id - 0 - 0x0
[  428.620919] atkbd serio0: Unknown key pressed (translated set 2, code 0xd8 on isa0060/serio0).
[  428.620924] atkbd serio0: Use 'setkeycodes e058 <keycode>' to make it known.
[  428.635779] atkbd serio0: Unknown key released (translated set 2, code 0xd8 on isa0060/serio0).
[  428.635785] atkbd serio0: Use 'setkeycodes e058 <keycode>' to make it known.
[  428.882336] atkbd serio0: Unknown key pressed (translated set 2, code 0xd8 on isa0060/serio0).
[  428.882343] atkbd serio0: Use 'setkeycodes e058 <keycode>' to make it known.
[  428.948987] atkbd serio0: Unknown key released (translated set 2, code 0xd8 on isa0060/serio0).
[  428.948994] atkbd serio0: Use 'setkeycodes e058 <keycode>' to make it known.
[24835.544316] wlo1: AP 14:91:82:29:4c:dd changed bandwidth, new config is 2437 MHz, width 1 (2437/0 MHz)
[24835.544321] wlo1: AP 14:91:82:29:4c:dd changed bandwidth in a way we can't support - disconnect
[24835.544323] wlo1: failed to follow AP 14:91:82:29:4c:dd bandwidth change, disconnect
[24836.677526] wlo1: authenticate with 14:91:82:29:4c:dd
[24836.698907] wlo1: send auth to 14:91:82:29:4c:dd (try 1/3)
[24836.703588] wlo1: authenticated
[24836.704763] wlo1: associate with 14:91:82:29:4c:dd (try 1/3)
[24836.710133] wlo1: RX AssocResp from 14:91:82:29:4c:dd (capab=0x1411 status=0 aid=1)
[24836.714698] wlo1: associated
[77927.082148] wlo1: deauthenticating from 14:91:82:29:4c:dd by local choice (Reason: 3=DEAUTH_LEAVING)
[123021.525601] [drm] link=1, dc_sink_in=          (null) is now Disconnected
[123021.525605] [drm] DCHPD: connector_id=1: Old sink=ffff9c7ae3333800 New sink=          (null)
[123023.970742] IPv6: ADDRCONF(NETDEV_UP): wlo1: link is not ready
[123024.021661] IPv6: ADDRCONF(NETDEV_UP): wlo1: link is not ready
[123025.882715] r8169 0000:02:00.0 eno1: link down
[123025.934119] wlo1: authenticate with 14:91:82:29:4c:dd
[123025.957937] wlo1: send auth to 14:91:82:29:4c:dd (try 1/3)
[123025.960960] wlo1: authenticated
[123025.964191] wlo1: associate with 14:91:82:29:4c:dd (try 1/3)
[123025.969500] wlo1: RX AssocResp from 14:91:82:29:4c:dd (capab=0x1411 status=0 aid=4)
[123025.970583] wlo1: associated
[123025.970603] IPv6: ADDRCONF(NETDEV_CHANGE): wlo1: link becomes ready
[123153.348502] [drm] Atomic commit: RESET. crtc id 1:[ffff9c7ae3f19000]
[123153.348543] [drm] dc_commit_streams: 1 streams
[123153.348548] [drm] core_stream 0xe322fc00: src: 0, 0, 1366, 768; dst: 0, 0, 1366, 768, colorSpace:1
[123153.348551] [drm] 	pix_clk_khz: 70120, h_total: 1498, v_total: 780, pixelencoder:1, displaycolorDepth:1
[123153.348553] [drm] 	sink name: , serial: 0
[123153.348554] [drm] 	link: 0
[123153.391649] [drm] [Mode]	[eDP][ConnIdx:0] {1366x768, 1498x780@70120Khz}^
[123153.391889] [drm] Atomic commit: RESET. crtc id 1:[ffff9c7ae3f19000]
[123326.243365] wlo1: AP 14:91:82:29:4c:dd changed bandwidth, new config is 2437 MHz, width 1 (2437/0 MHz)
[123326.243368] wlo1: AP 14:91:82:29:4c:dd changed bandwidth in a way we can't support - disconnect
[123326.243369] wlo1: failed to follow AP 14:91:82:29:4c:dd bandwidth change, disconnect
[123327.361932] wlo1: authenticate with 14:91:82:29:4c:dd
[123327.384784] wlo1: send auth to 14:91:82:29:4c:dd (try 1/3)
[123327.388729] wlo1: authenticated
[123327.392302] wlo1: associate with 14:91:82:29:4c:dd (try 1/3)
[123327.397697] wlo1: RX AssocResp from 14:91:82:29:4c:dd (capab=0x1411 status=0 aid=4)
[123327.399356] wlo1: associated
[124826.685809] wlo1: AP 14:91:82:29:4c:dd tries to chanswitch to same channel, ignore
[124826.685817] wlo1: cannot understand ECSA IE operating class 32, disconnecting
[124827.862280] wlo1: authenticate with 14:91:82:29:4c:dd
[124827.886482] wlo1: send auth to 14:91:82:29:4c:dd (try 1/3)
[124827.889088] wlo1: authenticated
[124827.896137] wlo1: associate with 14:91:82:29:4c:dd (try 1/3)
[124827.903928] wlo1: RX AssocResp from 14:91:82:29:4c:dd (capab=0x1411 status=0 aid=4)
[124827.905985] wlo1: associated
[125128.066169] wlo1: AP 14:91:82:29:4c:dd changed bandwidth, new config is 2437 MHz, width 1 (2437/0 MHz)
[125128.066172] wlo1: AP 14:91:82:29:4c:dd changed bandwidth in a way we can't support - disconnect
[125128.066174] wlo1: failed to follow AP 14:91:82:29:4c:dd bandwidth change, disconnect
[125129.273531] wlo1: authenticate with 14:91:82:29:4c:dd
[125129.298096] wlo1: send auth to 14:91:82:29:4c:dd (try 1/3)
[125129.302254] wlo1: authenticated
[125129.304561] wlo1: associate with 14:91:82:29:4c:dd (try 1/3)
[125129.309651] wlo1: RX AssocResp from 14:91:82:29:4c:dd (capab=0x1411 status=0 aid=4)
[125129.311080] wlo1: associated
[134984.856428] atkbd serio0: Unknown key pressed (translated set 2, code 0xd8 on isa0060/serio0).
[134984.856434] atkbd serio0: Use 'setkeycodes e058 <keycode>' to make it known.
[134984.912969] atkbd serio0: Unknown key released (translated set 2, code 0xd8 on isa0060/serio0).
[134984.912975] atkbd serio0: Use 'setkeycodes e058 <keycode>' to make it known.
[134985.126349] atkbd serio0: Unknown key pressed (translated set 2, code 0xd8 on isa0060/serio0).
[134985.126354] atkbd serio0: Use 'setkeycodes e058 <keycode>' to make it known.
[134985.226790] atkbd serio0: Unknown key released (translated set 2, code 0xd8 on isa0060/serio0).
[134985.226795] atkbd serio0: Use 'setkeycodes e058 <keycode>' to make it known.
[135186.658534] wlo1: Connection to AP 14:91:82:29:4c:dd lost
[135187.813447] wlo1: authenticate with 14:91:82:29:4c:dd
[135187.836611] wlo1: send auth to 14:91:82:29:4c:dd (try 1/3)
[135187.839756] wlo1: authenticated
[135187.844234] wlo1: associate with 14:91:82:29:4c:dd (try 1/3)
[135187.849285] wlo1: RX AssocResp from 14:91:82:29:4c:dd (capab=0x1411 status=0 aid=2)
[135187.850461] wlo1: associated
[138239.248218] wlo1: AP 14:91:82:29:4c:dd changed bandwidth, new config is 2437 MHz, width 1 (2437/0 MHz)
[138239.248222] wlo1: AP 14:91:82:29:4c:dd changed bandwidth in a way we can't support - disconnect
[138239.248224] wlo1: failed to follow AP 14:91:82:29:4c:dd bandwidth change, disconnect
[138268.237660] wlo1: authenticate with 14:91:82:29:4c:dd
[138273.860098] wlo1: send auth to 14:91:82:29:4c:dd (try 1/3)
[138274.844182] wlo1: send auth to 14:91:82:29:4c:dd (try 2/3)
[138275.804603] wlo1: send auth to 14:91:82:29:4c:dd (try 3/3)
[138276.796151] wlo1: authentication with 14:91:82:29:4c:dd timed out
[138283.376393] IPv6: ADDRCONF(NETDEV_UP): wlo1: link is not ready
[138284.367480] wlo1: authenticate with 14:91:82:29:4c:dd
[138284.380690] wlo1: send auth to 14:91:82:29:4c:dd (try 1/3)
[138285.820233] wlo1: send auth to 14:91:82:29:4c:dd (try 2/3)
[138286.812066] wlo1: send auth to 14:91:82:29:4c:dd (try 3/3)
[138287.791359] wlo1: authentication with 14:91:82:29:4c:dd timed out
[138302.982337] wlo1: authenticate with 14:91:82:29:4c:dd
[138303.006271] wlo1: send auth to 14:91:82:29:4c:dd (try 1/3)
[138303.804091] wlo1: send auth to 14:91:82:29:4c:dd (try 2/3)
[138304.828215] wlo1: send auth to 14:91:82:29:4c:dd (try 3/3)
[138305.820207] wlo1: authentication with 14:91:82:29:4c:dd timed out
[138310.006328] IPv6: ADDRCONF(NETDEV_UP): wlo1: link is not ready
[138311.424935] wlo1: authenticate with 14:91:82:29:4c:dd
[138311.437233] wlo1: send auth to 14:91:82:29:4c:dd (try 1/3)
[138312.796218] wlo1: send auth to 14:91:82:29:4c:dd (try 2/3)
[138313.820142] wlo1: send auth to 14:91:82:29:4c:dd (try 3/3)
[138314.812111] wlo1: authentication with 14:91:82:29:4c:dd timed out
[138326.252741] wlo1: authenticate with 14:91:82:29:4c:dd
[138326.271661] wlo1: send auth to 14:91:82:29:4c:dd (try 1/3)
[138326.812069] wlo1: send auth to 14:91:82:29:4c:dd (try 2/3)
[138327.829142] wlo1: send auth to 14:91:82:29:4c:dd (try 3/3)
[138328.796060] wlo1: authentication with 14:91:82:29:4c:dd timed out
[138337.006284] IPv6: ADDRCONF(NETDEV_UP): wlo1: link is not ready
[138338.426355] wlo1: authenticate with 14:91:82:29:4c:dd
[138338.437520] wlo1: send auth to 14:91:82:29:4c:dd (try 1/3)
[138339.804196] wlo1: send auth to 14:91:82:29:4c:dd (try 2/3)
[138340.796082] wlo1: send auth to 14:91:82:29:4c:dd (try 3/3)
[138341.820103] wlo1: authentication with 14:91:82:29:4c:dd timed out
[138364.006541] IPv6: ADDRCONF(NETDEV_UP): wlo1: link is not ready
[138771.427532] wlo1: authenticate with 14:91:82:29:4c:dd
[138771.439208] wlo1: send auth to 14:91:82:29:4c:dd (try 1/3)
[138772.828213] wlo1: send auth to 14:91:82:29:4c:dd (try 2/3)
[138773.820177] wlo1: send auth to 14:91:82:29:4c:dd (try 3/3)
[138774.780113] wlo1: authentication with 14:91:82:29:4c:dd timed out
[138792.593998] wlo1: authenticate with 14:91:82:29:4c:dd
[138792.618093] wlo1: send auth to 14:91:82:29:4c:dd (try 1/3)
[138793.820167] wlo1: send auth to 14:91:82:29:4c:dd (try 2/3)
[138794.780065] wlo1: send auth to 14:91:82:29:4c:dd (try 3/3)
[138795.836065] wlo1: authentication with 14:91:82:29:4c:dd timed out
[138797.006246] IPv6: ADDRCONF(NETDEV_UP): wlo1: link is not ready
[138797.376856] hrtimer: interrupt took 1143378 ns
[138798.421349] wlo1: authenticate with 14:91:82:29:4c:dd
[138798.434010] wlo1: send auth to 14:91:82:29:4c:dd (try 1/3)
[138799.804161] wlo1: send auth to 14:91:82:29:4c:dd (try 2/3)
[138800.796049] wlo1: send auth to 14:91:82:29:4c:dd (try 3/3)
[138801.820176] wlo1: authentication with 14:91:82:29:4c:dd timed out
[138824.007074] IPv6: ADDRCONF(NETDEV_UP): wlo1: link is not ready
[138826.409209] wlo1: authenticate with 14:91:82:29:4c:dd
[138826.420798] wlo1: send auth to 14:91:82:29:4c:dd (try 1/3)
[138827.836123] wlo1: send auth to 14:91:82:29:4c:dd (try 2/3)
[138828.796052] wlo1: send auth to 14:91:82:29:4c:dd (try 3/3)
[138829.820074] wlo1: authentication with 14:91:82:29:4c:dd timed out
[138841.230000] wlo1: authenticate with 14:91:82:29:4c:dd
[138841.254265] wlo1: send auth to 14:91:82:29:4c:dd (try 1/3)
[138841.820233] wlo1: send auth to 14:91:82:29:4c:dd (try 2/3)
[138842.780146] wlo1: send auth to 14:91:82:29:4c:dd (try 3/3)
[138843.804140] wlo1: authentication with 14:91:82:29:4c:dd timed out
[138852.007912] IPv6: ADDRCONF(NETDEV_UP): wlo1: link is not ready
[138853.430329] wlo1: authenticate with 14:91:82:29:4c:dd
[138853.441875] wlo1: send auth to 14:91:82:29:4c:dd (try 1/3)
[138854.780313] wlo1: send auth to 14:91:82:29:4c:dd (try 2/3)
[138855.836139] wlo1: send auth to 14:91:82:29:4c:dd (try 3/3)
[138856.796167] wlo1: authentication with 14:91:82:29:4c:dd timed out
[138874.624045] wlo1: authenticate with 14:91:82:29:4c:dd
[138874.650495] wlo1: send auth to 14:91:82:29:4c:dd (try 1/3)
[138875.804104] wlo1: send auth to 14:91:82:29:4c:dd (try 2/3)
[138876.828115] wlo1: send auth to 14:91:82:29:4c:dd (try 3/3)
[138877.820055] wlo1: authentication with 14:91:82:29:4c:dd timed out
[138879.005169] IPv6: ADDRCONF(NETDEV_UP): wlo1: link is not ready
[139286.471306] wlo1: authenticate with 14:91:82:29:4c:dd
[139286.482904] wlo1: send auth to 14:91:82:29:4c:dd (try 1/3)
[139287.836187] wlo1: send auth to 14:91:82:29:4c:dd (try 2/3)
[139288.828099] wlo1: send auth to 14:91:82:29:4c:dd (try 3/3)
[139289.820049] wlo1: authentication with 14:91:82:29:4c:dd timed out
[139307.618685] wlo1: authenticate with 14:91:82:29:4c:dd
[139307.641668] wlo1: send auth to 14:91:82:29:4c:dd (try 1/3)
[139308.796168] wlo1: send auth to 14:91:82:29:4c:dd (try 2/3)
[139309.820138] wlo1: send auth to 14:91:82:29:4c:dd (try 3/3)
[139310.812048] wlo1: authentication with 14:91:82:29:4c:dd timed out
[139312.007241] IPv6: ADDRCONF(NETDEV_UP): wlo1: link is not ready
[139313.422646] wlo1: authenticate with 14:91:82:29:4c:dd
[139313.435271] wlo1: send auth to 14:91:82:29:4c:dd (try 1/3)
[139314.780182] wlo1: send auth to 14:91:82:29:4c:dd (try 2/3)
[139315.836181] wlo1: send auth to 14:91:82:29:4c:dd (try 3/3)
[139316.796101] wlo1: authentication with 14:91:82:29:4c:dd timed out
[139328.229583] wlo1: authenticate with 14:91:82:29:4c:dd
[139328.254919] wlo1: send auth to 14:91:82:29:4c:dd (try 1/3)
[139328.828114] wlo1: send auth to 14:91:82:29:4c:dd (try 2/3)
[139329.820187] wlo1: send auth to 14:91:82:29:4c:dd (try 3/3)
[139330.844253] wlo1: authentication with 14:91:82:29:4c:dd timed out
[139339.007723] IPv6: ADDRCONF(NETDEV_UP): wlo1: link is not ready
[139341.401473] wlo1: authenticate with 14:91:82:29:4c:dd
[139341.423954] wlo1: send auth to 14:91:82:29:4c:dd (try 1/3)
[139342.844100] wlo1: send auth to 14:91:82:29:4c:dd (try 2/3)
[139343.836086] wlo1: send auth to 14:91:82:29:4c:dd (try 3/3)
[139344.796118] wlo1: authentication with 14:91:82:29:4c:dd timed out
[139362.615995] wlo1: authenticate with 14:91:82:29:4c:dd
[139362.638924] wlo1: send auth to 14:91:82:29:4c:dd (try 1/3)
[139363.804850] wlo1: send auth to 14:91:82:29:4c:dd (try 2/3)
[139364.796178] wlo1: send auth to 14:91:82:29:4c:dd (try 3/3)
[139365.788199] wlo1: authentication with 14:91:82:29:4c:dd timed out
[139366.005831] IPv6: ADDRCONF(NETDEV_UP): wlo1: link is not ready
[139374.781930] wlo1: authenticate with 14:91:82:29:4c:dd
[139374.807864] wlo1: send auth to 14:91:82:29:4c:dd (try 1/3)
[139375.804176] wlo1: send auth to 14:91:82:29:4c:dd (try 2/3)
[139376.796069] wlo1: send auth to 14:91:82:29:4c:dd (try 3/3)
[139377.820227] wlo1: authentication with 14:91:82:29:4c:dd timed out
[139389.246105] wlo1: authenticate with 14:91:82:29:4c:dd
[139389.271344] wlo1: send auth to 14:91:82:29:4c:dd (try 1/3)
[139389.805032] wlo1: send auth to 14:91:82:29:4c:dd (try 2/3)
[139390.812048] wlo1: send auth to 14:91:82:29:4c:dd (try 3/3)
[139391.836057] wlo1: authentication with 14:91:82:29:4c:dd timed out
[139393.006396] IPv6: ADDRCONF(NETDEV_UP): wlo1: link is not ready
[139694.450356] wlo1: authenticate with 14:91:82:29:4c:dd
[139694.474622] wlo1: send auth to 14:91:82:29:4c:dd (try 1/3)
[139695.836049] wlo1: send auth to 14:91:82:29:4c:dd (try 2/3)
[139696.795198] wlo1: send auth to 14:91:82:29:4c:dd (try 3/3)
[139697.788041] wlo1: authentication with 14:91:82:29:4c:dd timed out
[139709.221607] wlo1: authenticate with 14:91:82:29:4c:dd
[139709.244645] wlo1: send auth to 14:91:82:29:4c:dd (try 1/3)
[139709.788223] wlo1: send auth to 14:91:82:29:4c:dd (try 2/3)
[139710.844219] wlo1: send auth to 14:91:82:29:4c:dd (try 3/3)
[139711.804095] wlo1: authentication with 14:91:82:29:4c:dd timed out
[139718.006927] IPv6: ADDRCONF(NETDEV_UP): wlo1: link is not ready
[139720.393149] wlo1: authenticate with 14:91:82:29:4c:dd
[139720.415563] wlo1: send auth to 14:91:82:29:4c:dd (try 1/3)
[139721.820056] wlo1: send auth to 14:91:82:29:4c:dd (try 2/3)
[139722.805367] wlo1: send auth to 14:91:82:29:4c:dd (try 3/3)
[139723.804047] wlo1: authentication with 14:91:82:29:4c:dd timed out
[139735.221210] wlo1: authenticate with 14:91:82:29:4c:dd
[139735.245183] wlo1: send auth to 14:91:82:29:4c:dd (try 1/3)
[139735.836240] wlo1: send auth to 14:91:82:29:4c:dd (try 2/3)
[139736.796064] wlo1: send auth to 14:91:82:29:4c:dd (try 3/3)
[139737.820175] wlo1: authentication with 14:91:82:29:4c:dd timed out
[139745.007052] IPv6: ADDRCONF(NETDEV_UP): wlo1: link is not ready
[139746.428177] wlo1: authenticate with 14:91:82:29:4c:dd
[139746.440493] wlo1: send auth to 14:91:82:29:4c:dd (try 1/3)
[139747.836153] wlo1: send auth to 14:91:82:29:4c:dd (try 2/3)
[139748.814201] wlo1: send auth to 14:91:82:29:4c:dd (try 3/3)
[139749.820053] wlo1: authentication with 14:91:82:29:4c:dd timed out
[139761.233784] wlo1: authenticate with 14:91:82:29:4c:dd
[139761.257862] wlo1: send auth to 14:91:82:29:4c:dd (try 1/3)
[139761.788234] wlo1: send auth to 14:91:82:29:4c:dd (try 2/3)
[139762.843109] wlo1: send auth to 14:91:82:29:4c:dd (try 3/3)
[139763.804178] wlo1: authentication with 14:91:82:29:4c:dd timed out
[139772.005776] IPv6: ADDRCONF(NETDEV_UP): wlo1: link is not ready
[139773.413627] wlo1: authenticate with 14:91:82:29:4c:dd
[139773.426323] wlo1: send auth to 14:91:82:29:4c:dd (try 1/3)
[139774.812116] wlo1: send auth to 14:91:82:29:4c:dd (try 2/3)
[139775.804125] wlo1: send auth to 14:91:82:29:4c:dd (try 3/3)
[139776.828065] wlo1: authentication with 14:91:82:29:4c:dd timed out
[139788.273551] wlo1: authenticate with 14:91:82:29:4c:dd
[139788.297180] wlo1: send auth to 14:91:82:29:4c:dd (try 1/3)
[139789.820202] wlo1: send auth to 14:91:82:29:4c:dd (try 2/3)
[139790.844218] wlo1: send auth to 14:91:82:29:4c:dd (try 3/3)
[139791.804144] wlo1: authentication with 14:91:82:29:4c:dd timed out
[139799.006390] IPv6: ADDRCONF(NETDEV_UP): wlo1: link is not ready
[140143.442381] wlo1: authenticate with 14:91:82:29:4c:dd
[140143.454667] wlo1: send auth to 14:91:82:29:4c:dd (try 1/3)
[140144.796044] wlo1: send auth to 14:91:82:29:4c:dd (try 2/3)
[140145.820053] wlo1: send auth to 14:91:82:29:4c:dd (try 3/3)
[140146.812100] wlo1: authentication with 14:91:82:29:4c:dd timed out
[140158.253213] wlo1: authenticate with 14:91:82:29:4c:dd
[140158.278926] wlo1: send auth to 14:91:82:29:4c:dd (try 1/3)
[140159.804170] wlo1: send auth to 14:91:82:29:4c:dd (try 2/3)
[140160.796071] wlo1: send auth to 14:91:82:29:4c:dd (try 3/3)
[140161.820168] wlo1: authentication with 14:91:82:29:4c:dd timed out
[140169.006166] IPv6: ADDRCONF(NETDEV_UP): wlo1: link is not ready
[140170.420616] wlo1: authenticate with 14:91:82:29:4c:dd
[140170.434380] wlo1: send auth to 14:91:82:29:4c:dd (try 1/3)
[140171.804080] wlo1: send auth to 14:91:82:29:4c:dd (try 2/3)
[140172.796051] wlo1: send auth to 14:91:82:29:4c:dd (try 3/3)
[140173.820061] wlo1: authentication with 14:91:82:29:4c:dd timed out
[140191.621411] wlo1: authenticate with 14:91:82:29:4c:dd
[140191.646916] wlo1: send auth to 14:91:82:29:4c:dd (try 1/3)
[140192.796097] wlo1: send auth to 14:91:82:29:4c:dd (try 2/3)
[140193.820155] wlo1: send auth to 14:91:82:29:4c:dd (try 3/3)
[140194.812117] wlo1: authentication with 14:91:82:29:4c:dd timed out
[140196.006900] IPv6: ADDRCONF(NETDEV_UP): wlo1: link is not ready
[140198.405377] wlo1: authenticate with 14:91:82:29:4c:dd
[140198.428843] wlo1: send auth to 14:91:82:29:4c:dd (try 1/3)
[140199.804078] wlo1: send auth to 14:91:82:29:4c:dd (try 2/3)
[140200.828245] wlo1: send auth to 14:91:82:29:4c:dd (try 3/3)
[140201.820164] wlo1: authentication with 14:91:82:29:4c:dd timed out
[140213.228824] wlo1: authenticate with 14:91:82:29:4c:dd
[140213.252658] wlo1: send auth to 14:91:82:29:4c:dd (try 1/3)
[140213.806760] wlo1: send auth to 14:91:82:29:4c:dd (try 2/3)
[140214.844061] wlo1: send auth to 14:91:82:29:4c:dd (try 3/3)
[140215.804236] wlo1: authentication with 14:91:82:29:4c:dd timed out
[140223.005842] IPv6: ADDRCONF(NETDEV_UP): wlo1: link is not ready
[140224.429965] wlo1: authenticate with 14:91:82:29:4c:dd
[140224.441096] wlo1: send auth to 14:91:82:29:4c:dd (try 1/3)
[140225.820181] wlo1: send auth to 14:91:82:29:4c:dd (try 2/3)
[140226.844132] wlo1: send auth to 14:91:82:29:4c:dd (try 3/3)
[140227.804125] wlo1: authentication with 14:91:82:29:4c:dd timed out
[140239.229308] wlo1: authenticate with 14:91:82:29:4c:dd
[140239.252850] wlo1: send auth to 14:91:82:29:4c:dd (try 1/3)
[140239.804178] wlo1: send auth to 14:91:82:29:4c:dd (try 2/3)
[140240.828226] wlo1: send auth to 14:91:82:29:4c:dd (try 3/3)
[140241.820137] wlo1: authentication with 14:91:82:29:4c:dd timed out
[140250.006876] IPv6: ADDRCONF(NETDEV_UP): wlo1: link is not ready
[140551.429082] wlo1: authenticate with 14:91:82:29:4c:dd
[140551.453835] wlo1: send auth to 14:91:82:29:4c:dd (try 1/3)
[140552.828222] wlo1: send auth to 14:91:82:29:4c:dd (try 2/3)
[140553.820182] wlo1: send auth to 14:91:82:29:4c:dd (try 3/3)
[140554.812160] wlo1: authentication with 14:91:82:29:4c:dd timed out
[140572.633186] wlo1: authenticate with 14:91:82:29:4c:dd
[140572.655191] wlo1: send auth to 14:91:82:29:4c:dd (try 1/3)
[140573.788262] wlo1: send auth to 14:91:82:29:4c:dd (try 2/3)
[140574.812078] wlo1: send auth to 14:91:82:29:4c:dd (try 3/3)
[140575.002680] wlo1: aborting authentication with 14:91:82:29:4c:dd by local choice (Reason: 3=DEAUTH_LEAVING)
[140575.015472] IPv6: ADDRCONF(NETDEV_UP): wlo1: link is not ready
[140576.002676] wlo1: authenticate with 14:91:82:29:4c:dd
[140576.014986] wlo1: send auth to 14:91:82:29:4c:dd (try 1/3)
[140576.828228] wlo1: send auth to 14:91:82:29:4c:dd (try 2/3)
[140577.820221] wlo1: send auth to 14:91:82:29:4c:dd (try 3/3)
[140578.812112] wlo1: authentication with 14:91:82:29:4c:dd timed out
[140590.237790] wlo1: authenticate with 14:91:82:29:4c:dd
[140590.261140] wlo1: send auth to 14:91:82:29:4c:dd (try 1/3)
[140590.812062] wlo1: send auth to 14:91:82:29:4c:dd (try 2/3)
[140591.804206] wlo1: send auth to 14:91:82:29:4c:dd (try 3/3)
[140592.783940] wlo1: authentication with 14:91:82:29:4c:dd timed out
[140601.439624] IPv6: ADDRCONF(NETDEV_UP): wlo1: link is not ready
[140616.181601] wlo1: authenticate with 14:91:82:29:4c:dd
[140616.204542] wlo1: send auth to 14:91:82:29:4c:dd (try 1/3)
[140616.828167] wlo1: send auth to 14:91:82:29:4c:dd (try 2/3)
[140617.820129] wlo1: send auth to 14:91:82:29:4c:dd (try 3/3)
[140618.792698] wlo1: authentication with 14:91:82:29:4c:dd timed out
[140628.005961] IPv6: ADDRCONF(NETDEV_UP): wlo1: link is not ready
[140629.423800] wlo1: authenticate with 14:91:82:29:4c:dd
[140629.436532] wlo1: send auth to 14:91:82:29:4c:dd (try 1/3)
[140630.844113] wlo1: send auth to 14:91:82:29:4c:dd (try 2/3)
[140631.797313] wlo1: send auth to 14:91:82:29:4c:dd (try 3/3)
[140632.828201] wlo1: authentication with 14:91:82:29:4c:dd timed out
[140644.255161] wlo1: authenticate with 14:91:82:29:4c:dd
[140644.278223] wlo1: send auth to 14:91:82:29:4c:dd (try 1/3)
[140644.796078] wlo1: send auth to 14:91:82:29:4c:dd (try 2/3)
[140645.820209] wlo1: send auth to 14:91:82:29:4c:dd (try 3/3)
[140646.812203] wlo1: authentication with 14:91:82:29:4c:dd timed out
[140655.005855] IPv6: ADDRCONF(NETDEV_UP): wlo1: link is not ready
[140956.421304] wlo1: authenticate with 14:91:82:29:4c:dd
[140956.444519] wlo1: send auth to 14:91:82:29:4c:dd (try 1/3)
[140957.820183] wlo1: send auth to 14:91:82:29:4c:dd (try 2/3)
[140958.844187] wlo1: send auth to 14:91:82:29:4c:dd (try 3/3)
[140959.804169] wlo1: authentication with 14:91:82:29:4c:dd timed out
[140977.625402] wlo1: authenticate with 14:91:82:29:4c:dd
[140977.650747] wlo1: send auth to 14:91:82:29:4c:dd (try 1/3)
[140978.812120] wlo1: send auth to 14:91:82:29:4c:dd (try 2/3)
[140979.804144] wlo1: send auth to 14:91:82:29:4c:dd (try 3/3)
